[INFO] Scanning for projects...
[INFO] 
[INFO] ------------------------< com.flow:flow-engine >------------------------
[INFO] Building flow-engine 1.0.0
[INFO]   from pom.xml
[INFO] --------------------------------[ jar ]---------------------------------
[INFO] 
[INFO] >>> spring-boot:3.2.0:run (default-cli) > test-compile @ flow-engine >>>
[INFO] 
[INFO] --- resources:3.3.1:resources (default-resources) @ flow-engine ---
[INFO] Copying 1 resource from src\main\resources to target\classes
[INFO] Copying 1 resource from src\main\resources to target\classes
[INFO] 
[INFO] --- compiler:3.11.0:compile (default-compile) @ flow-engine ---
[INFO] Changes detected - recompiling the module! :source
[INFO] Compiling 326 source files with javac [debug release 17] to target\classes
[INFO] /D:/source_code/workflow/flow-engine/src/main/java/com/flow/engine/controllers/EmsBaseDataController.java: 某些输入文件使用了未经检查或不安全的操作。
[INFO] /D:/source_code/workflow/flow-engine/src/main/java/com/flow/engine/controllers/EmsBaseDataController.java: 有关详细信息, 请使用 -Xlint:unchecked 重新编译。
[INFO] 
[INFO] --- resources:3.3.1:testResources (default-testResources) @ flow-engine ---
[INFO] Copying 1 resource from src\test\resources to target\test-classes
[INFO] 
[INFO] --- compiler:3.11.0:testCompile (default-testCompile) @ flow-engine ---
[INFO] Changes detected - recompiling the module! :dependency
[INFO] Compiling 36 source files with javac [debug release 17] to target\test-classes
[INFO] /D:/source_code/workflow/flow-engine/src/test/java/com/flow/engine/controller/TaskApiTest.java: D:\source_code\workflow\flow-engine\src\test\java\com\flow\engine\controller\TaskApiTest.java使用了未经检查或不安全的操作。
[INFO] /D:/source_code/workflow/flow-engine/src/test/java/com/flow/engine/controller/TaskApiTest.java: 有关详细信息, 请使用 -Xlint:unchecked 重新编译。
[INFO] 
[INFO] <<< spring-boot:3.2.0:run (default-cli) < test-compile @ flow-engine <<<
[INFO] 
[INFO] 
[INFO] --- spring-boot:3.2.0:run (default-cli) @ flow-engine ---
[INFO] Attaching agents: []

  .   ____          _            __ _ _
 /\\ / ___'_ __ _ _(_)_ __  __ _ \ \ \ \
( ( )\___ | '_ | '_| | '_ \/ _` | \ \ \ \
 \\/  ___)| |_)| | | | | || (_| |  ) ) ) )
  '  |____| .__|_| |_|_| |_\__, | / / / /
 =========|_|==============|___/=/_/_/_/
 :: Spring Boot ::                (v3.2.0)

2026-08-05T20:56:00.011+08:00  INFO 2736 --- [flow-engine] [           main] com.flow.engine.FlowEngineApplication    : Starting FlowEngineApplication using Java 17.0.12 with PID 2736 (D:\source_code\workflow\flow-engine\target\classes started by chengJin-huawei in D:\source_code\workflow\flow-engine)
2026-08-05T20:56:00.013+08:00  INFO 2736 --- [flow-engine] [           main] com.flow.engine.FlowEngineApplication    : No active profile set, falling back to 1 default profile: "default"
2026-08-05T20:56:01.769+08:00  INFO 2736 --- [flow-engine] [           main] o.s.b.w.embedded.tomcat.TomcatWebServer  : Tomcat initialized with port 8080 (http)
2026-08-05T20:56:01.778+08:00  INFO 2736 --- [flow-engine] [           main] o.apache.catalina.core.StandardService   : Starting service [Tomcat]
2026-08-05T20:56:01.778+08:00  INFO 2736 --- [flow-engine] [           main] o.apache.catalina.core.StandardEngine    : Starting Servlet engine: [Apache Tomcat/10.1.16]
2026-08-05T20:56:01.838+08:00  INFO 2736 --- [flow-engine] [           main] o.a.c.c.C.[Tomcat].[localhost].[/]       : Initializing Spring embedded WebApplicationContext
2026-08-05T20:56:01.839+08:00  INFO 2736 --- [flow-engine] [           main] w.s.c.ServletWebServerApplicationContext : Root WebApplicationContext: initialization completed in 1573 ms
2026-08-05T20:56:02.051+08:00  INFO 2736 --- [flow-engine] [           main] com.zaxxer.hikari.HikariDataSource       : HikariPool-1 - Starting...
2026-08-05T20:56:02.304+08:00  INFO 2736 --- [flow-engine] [           main] com.zaxxer.hikari.pool.HikariPool        : HikariPool-1 - Added connection org.sqlite.jdbc4.JDBC4Connection@3c346c45
2026-08-05T20:56:02.306+08:00  INFO 2736 --- [flow-engine] [           main] com.zaxxer.hikari.HikariDataSource       : HikariPool-1 - Start completed.
 _ _   |_  _ _|_. ___ _ |    _ 
| | |\/|_)(_| | |_\  |_)||_|_\ 
     /               |         
                        3.5.5 
2026-08-05T20:56:04.358+08:00  INFO 2736 --- [flow-engine] [           main] c.f.e.node.NodeHandlerAutoConfiguration  : [NodeHandler] 自动注册节点处理器: type=dummy, class=com.flow.engine.node.DummyNodeHandler
2026-08-05T20:56:04.368+08:00  INFO 2736 --- [flow-engine] [           main] c.f.e.node.NodeHandlerAutoConfiguration  : [NodeHandler] 自动注册节点处理器: type=customDemo, class=com.flow.engine.node.impl.CustomDemoNodeHandler
2026-08-05T20:56:04.368+08:00  INFO 2736 --- [flow-engine] [           main] c.f.e.node.NodeHandlerAutoConfiguration  : [NodeHandler] 自动注册节点处理器: type=end, class=com.flow.engine.node.impl.EndNodeHandler
2026-08-05T20:56:04.369+08:00  INFO 2736 --- [flow-engine] [           main] c.f.e.node.NodeHandlerAutoConfiguration  : [NodeHandler] 自动注册节点处理器: type=exclusiveGateway, class=com.flow.engine.node.impl.ExclusiveGatewayNodeHandler
2026-08-05T20:56:04.369+08:00  INFO 2736 --- [flow-engine] [           main] c.f.e.node.NodeHandlerAutoConfiguration  : [NodeHandler] 自动注册节点处理器: type=inclusiveGateway, class=com.flow.engine.node.impl.InclusiveGatewayNodeHandler
2026-08-05T20:56:04.370+08:00  INFO 2736 --- [flow-engine] [           main] c.f.e.node.NodeHandlerAutoConfiguration  : [NodeHandler] 自动注册节点处理器: type=parallelGateway, class=com.flow.engine.node.impl.ParallelGatewayNodeHandler
2026-08-05T20:56:04.370+08:00  INFO 2736 --- [flow-engine] [           main] c.f.e.node.NodeHandlerAutoConfiguration  : [NodeHandler] 自动注册节点处理器: type=scriptTask, class=com.flow.engine.node.impl.ScriptTaskNodeHandler
2026-08-05T20:56:04.370+08:00  INFO 2736 --- [flow-engine] [           main] c.f.e.node.NodeHandlerAutoConfiguration  : [NodeHandler] 自动注册节点处理器: type=serviceTask, class=com.flow.engine.node.impl.ServiceTaskNodeHandler
2026-08-05T20:56:04.370+08:00  INFO 2736 --- [flow-engine] [           main] c.f.e.node.NodeHandlerAutoConfiguration  : [NodeHandler] 自动注册节点处理器: type=start, class=com.flow.engine.node.impl.StartNodeHandler
2026-08-05T20:56:04.372+08:00  INFO 2736 --- [flow-engine] [           main] c.f.e.node.NodeHandlerAutoConfiguration  : [NodeHandler] 自动注册节点处理器: type=subProcess, class=com.flow.engine.node.impl.SubProcessNodeHandler
2026-08-05T20:56:04.372+08:00  INFO 2736 --- [flow-engine] [           main] c.f.e.node.NodeHandlerAutoConfiguration  : [NodeHandler] 自动注册节点处理器: type=userTask, class=com.flow.engine.node.impl.UserTaskNodeHandler
2026-08-05T20:56:04.981+08:00  WARN 2736 --- [flow-engine] [           main] .b.a.g.t.GroovyTemplateAutoConfiguration : Cannot find template location: classpath:/templates/ (please add some templates, check your Groovy configuration, or set spring.groovy.template.check-template-location=false)
2026-08-05T20:56:05.291+08:00  INFO 2736 --- [flow-engine] [           main] o.s.b.a.e.web.EndpointLinksResolver      : Exposing 2 endpoint(s) beneath base path '/actuator'
2026-08-05T20:56:05.435+08:00  INFO 2736 --- [flow-engine] [           main] o.s.b.w.embedded.tomcat.TomcatWebServer  : Tomcat started on port 8080 (http) with context path ''
2026-08-05T20:56:05.455+08:00  INFO 2736 --- [flow-engine] [           main] com.flow.engine.FlowEngineApplication    : Started FlowEngineApplication in 5.783 seconds (process running for 6.089)
2026-08-05T20:56:05.501+08:00  INFO 2736 --- [flow-engine] [           main] c.f.engine.config.DictDataInitializer    : [DictDataInitializer] 开始初始化系统内置字典数据...
2026-08-05T20:56:05.818+08:00  INFO 2736 --- [flow-engine] [           main] c.f.engine.config.DictDataInitializer    : [DictDataInitializer] 系统内置字典数据初始化完成
2026-08-05T20:56:05.824+08:00  INFO 2736 --- [flow-engine] [           main] c.f.e.config.CustomerDataInitializer     : [CustomerDataInitializer] t_customer 已存在 100 条数据，跳过初始化
2026-08-05T20:56:05.824+08:00  INFO 2736 --- [flow-engine] [           main] c.f.e.config.TripleAdminInitializer      : [TripleAdminInitializer] 开始初始化三员账号...
2026-08-05T20:56:05.824+08:00  INFO 2736 --- [flow-engine] [           main] c.f.engine.service.TripleAdminService    : [TripleAdminService] 开始初始化三员账号...
2026-08-05T20:56:05.834+08:00  INFO 2736 --- [flow-engine] [           main] c.f.engine.service.TripleAdminService    : [TripleAdminService] 三员账号初始化完成
2026-08-05T20:56:05.835+08:00  INFO 2736 --- [flow-engine] [           main] c.f.e.config.TripleAdminInitializer      : [TripleAdminInitializer] 三员账号初始化完成
2026-08-05T20:56:05.836+08:00  INFO 2736 --- [flow-engine] [           main] c.f.e.config.EntrustDataInitializer      : [EntrustDataInitializer] t_entrust 已存在 100 条，跳过初始化
2026-08-05T20:56:05.836+08:00  INFO 2736 --- [flow-engine] [           main] c.f.e.config.PermissionDataInitializer   : [PermissionDataInitializer] 开始初始化权限数据...
2026-08-05T20:56:05.847+08:00  INFO 2736 --- [flow-engine] [           main] c.f.e.config.PermissionDataInitializer   : [PermissionDataInitializer] 权限数据已存在且完整，跳过初始化
2026-08-05T20:56:05.895+08:00  INFO 2736 --- [flow-engine] [           main] c.f.e.config.PermissionDataInitializer   : [PermissionDataInitializer] 权限数据初始化完成
2026-08-05T20:56:05.897+08:00  INFO 2736 --- [flow-engine] [           main] c.f.e.c.SamplingOrderDataInitializer     : [SamplingOrderDataInitializer] 为 1 条采样订单分配负责人...
2026-08-05T20:56:05.901+08:00  INFO 2736 --- [flow-engine] [           main] c.f.e.c.SamplingOrderDataInitializer     : [SamplingOrderDataInitializer] 负责人分配完成
2026-08-05T20:56:09.927+08:00  INFO 2736 --- [flow-engine] [nio-8080-exec-1] o.a.c.c.C.[Tomcat].[localhost].[/]       : Initializing Spring DispatcherServlet 'dispatcherServlet'
2026-08-05T20:56:09.928+08:00  INFO 2736 --- [flow-engine] [nio-8080-exec-1] o.s.web.servlet.DispatcherServlet        : Initializing Servlet 'dispatcherServlet'
2026-08-05T20:56:09.929+08:00  INFO 2736 --- [flow-engine] [nio-8080-exec-1] o.s.web.servlet.DispatcherServlet        : Completed initialization in 1 ms
2026-08-05T20:58:06.915+08:00  INFO 2736 --- [flow-engine] [nio-8080-exec-4] c.f.e.listener.DataModelProcessListener  : [DataModel] 流程启动事件: instanceId=9, processKey=WXPRKSQ
2026-08-05T20:58:06.927+08:00  INFO 2736 --- [flow-engine] [nio-8080-exec-4] com.flow.engine.engine.NodeExecutor      : [NodeExecutor] 执行节点: id=start_1, type=start, name=入库申请
2026-08-05T20:58:06.927+08:00  INFO 2736 --- [flow-engine] [nio-8080-exec-4] c.f.engine.node.impl.StartNodeHandler    : [StartNode] 流程实例 9 进入开始节点
2026-08-05T20:58:06.928+08:00  INFO 2736 --- [flow-engine] [nio-8080-exec-4] c.f.engine.node.impl.StartNodeHandler    : [StartNode] 流程实例 9 离开开始节点
2026-08-05T20:58:06.929+08:00  INFO 2736 --- [flow-engine] [nio-8080-exec-4] com.flow.engine.engine.NodeExecutor      : [NodeExecutor] 执行节点: id=userTask_4, type=userTask, name=技术部门审批
2026-08-05T20:58:06.930+08:00  INFO 2736 --- [flow-engine] [nio-8080-exec-4] c.f.e.node.impl.UserTaskNodeHandler      : [UserTaskNodeHandler] userTask 节点进入: instanceId=9, nodeId=userTask_4, assignee=d262u01, candidates=d262u01, assigneeType=user
2026-08-05T20:58:06.935+08:00  INFO 2736 --- [flow-engine] [nio-8080-exec-4] com.flow.engine.service.TaskService      : [TaskService] 创建任务: id=9, node=userTask_4, assignee=d262u01
2026-08-05T20:58:06.937+08:00  INFO 2736 --- [flow-engine] [nio-8080-exec-4] com.flow.engine.engine.FlowEngine        : [FlowEngine] 流程实例 9 等待在节点 userTask_4
2026-08-05T20:58:18.053+08:00  INFO 2736 --- [flow-engine] [io-8080-exec-10] com.flow.engine.engine.NodeExecutor      : [NodeExecutor] 执行节点: id=end_1, type=end, name=结束
2026-08-05T20:58:18.054+08:00  INFO 2736 --- [flow-engine] [io-8080-exec-10] c.flow.engine.node.impl.EndNodeHandler   : [EndNode] 流程实例 9 进入结束节点
2026-08-05T20:58:18.054+08:00  INFO 2736 --- [flow-engine] [io-8080-exec-10] c.flow.engine.node.impl.EndNodeHandler   : [EndNode] 流程实例 9 离开结束节点，流程完成
2026-08-05T20:58:18.056+08:00  INFO 2736 --- [flow-engine] [io-8080-exec-10] c.f.e.listener.DataModelProcessListener  : [DataModel] 流程完成事件: instanceId=9, processKey=WXPRKSQ
2026-08-05T20:58:18.064+08:00  INFO 2736 --- [flow-engine] [io-8080-exec-10] com.flow.engine.engine.FlowEngine        : [FlowEngine] 流程实例 9 已完成
2026-08-05T20:58:18.064+08:00  INFO 2736 --- [flow-engine] [io-8080-exec-10] com.flow.engine.service.TaskService      : [TaskService] 任务 9 被 d262u01 通过
2026-08-05T20:58:18.066+08:00  INFO 2736 --- [flow-engine] [io-8080-exec-10] c.flow.engine.service.WebhookScheduler   : 异步调度Webhook: key=WXPRKSQ_TECH_APPROVE_HAZARDOUS, event=NODE_COMPLETED
2026-08-05T20:58:23.136+08:00  WARN 2736 --- [flow-engine] [io-8080-exec-10] c.flow.engine.service.WebhookScheduler   : Webhook触发失败(超时): key=WXPRKSQ_TECH_APPROVE_HAZARDOUS, url=http://localhost:8080/api/webhook/hazardous/upsert
2026-08-05T20:58:28.146+08:00  WARN 2736 --- [flow-engine] [io-8080-exec-10] c.flow.engine.service.WebhookScheduler   : Webhook重试第1次失败: logId=5, error=I/O error on POST request for "http://localhost:8080/api/webhook/hazardous/upsert": Read timed out
2026-08-05T20:58:29.216+08:00 ERROR 2736 --- [flow-engine] [nio-8080-exec-7] c.f.e.common.GlobalExceptionHandler      : 系统异常: 
### Error updating database.  Cause: org.sqlite.SQLiteException: [SQLITE_BUSY] The database file is locked (database is locked)
### The error may exist in com/flow/engine/mapper/EmsHazardousLedgerMapper.java (best guess)
### The error may involve com.flow.engine.mapper.EmsHazardousLedgerMapper.updateById-Inline
### The error occurred while setting parameters
### SQL: UPDATE t_hazardous_ledger  SET name=?, cas_no=?, category=?, qty=?, unit=?, status=?, apply_by=?, approve_by=?, apply_reason=?, approve_opinion=?, apply_time=?, approve_time=?,  create_time=?, update_time=?  WHERE id=?
### Cause: org.sqlite.SQLiteException: [SQLITE_BUSY] The database file is locked (database is locked)
; uncategorized SQLException; SQL state [null]; error code [5]; [SQLITE_BUSY] The database file is locked (database is locked)

org.springframework.jdbc.UncategorizedSQLException: 
### Error updating database.  Cause: org.sqlite.SQLiteException: [SQLITE_BUSY] The database file is locked (database is locked)
### The error may exist in com/flow/engine/mapper/EmsHazardousLedgerMapper.java (best guess)
### The error may involve com.flow.engine.mapper.EmsHazardousLedgerMapper.updateById-Inline
### The error occurred while setting parameters
### SQL: UPDATE t_hazardous_ledger  SET name=?, cas_no=?, category=?, qty=?, unit=?, status=?, apply_by=?, approve_by=?, apply_reason=?, approve_opinion=?, apply_time=?, approve_time=?,  create_time=?, update_time=?  WHERE id=?
### Cause: org.sqlite.SQLiteException: [SQLITE_BUSY] The database file is locked (database is locked)
; uncategorized SQLException; SQL state [null]; error code [5]; [SQLITE_BUSY] The database file is locked (database is locked)
	at org.mybatis.spring.MyBatisExceptionTranslator.translateExceptionIfPossible(MyBatisExceptionTranslator.java:93) ~[mybatis-spring-3.0.3.jar:3.0.3]
	at org.mybatis.spring.SqlSessionTemplate$SqlSessionInterceptor.invoke(SqlSessionTemplate.java:439) ~[mybatis-spring-3.0.3.jar:3.0.3]
	at jdk.proxy2/jdk.proxy2.$Proxy90.update(Unknown Source) ~[na:na]
	at org.mybatis.spring.SqlSessionTemplate.update(SqlSessionTemplate.java:288) ~[mybatis-spring-3.0.3.jar:3.0.3]
	at com.baomidou.mybatisplus.core.override.MybatisMapperMethod.execute(MybatisMapperMethod.java:64) ~[mybatis-plus-core-3.5.5.jar:3.5.5]
	at com.baomidou.mybatisplus.core.override.MybatisMapperProxy$PlainMethodInvoker.invoke(MybatisMapperProxy.java:152) ~[mybatis-plus-core-3.5.5.jar:3.5.5]
	at com.baomidou.mybatisplus.core.override.MybatisMapperProxy.invoke(MybatisMapperProxy.java:89) ~[mybatis-plus-core-3.5.5.jar:3.5.5]
	at jdk.proxy2/jdk.proxy2.$Proxy146.updateById(Unknown Source) ~[na:na]
	at com.flow.engine.controllers.HazardousWebhookController.upsert(HazardousWebhookController.java:92) ~[classes/:na]
	at java.base/jdk.internal.reflect.NativeMethodAccessorImpl.invoke0(Native Method) ~[na:na]
	at java.base/jdk.internal.reflect.NativeMethodAccessorImpl.invoke(NativeMethodAccessorImpl.java:77) ~[na:na]
	at java.base/jdk.internal.reflect.DelegatingMethodAccessorImpl.invoke(DelegatingMethodAccessorImpl.java:43) ~[na:na]
	at java.base/java.lang.reflect.Method.invoke(Method.java:568) ~[na:na]
	at org.springframework.web.method.support.InvocableHandlerMethod.doInvoke(InvocableHandlerMethod.java:254) ~[spring-web-6.1.1.jar:6.1.1]
	at org.springframework.web.method.support.InvocableHandlerMethod.invokeForRequest(InvocableHandlerMethod.java:182) ~[spring-web-6.1.1.jar:6.1.1]
	at org.springframework.web.servlet.mvc.method.annotation.ServletInvocableHandlerMethod.invokeAndHandle(ServletInvocableHandlerMethod.java:118) ~[spring-webmvc-6.1.1.jar:6.1.1]
	at org.springframework.web.servlet.mvc.method.annotation.RequestMappingHandlerAdapter.invokeHandlerMethod(RequestMappingHandlerAdapter.java:917) ~[spring-webmvc-6.1.1.jar:6.1.1]
	at org.springframework.web.servlet.mvc.method.annotation.RequestMappingHandlerAdapter.handleInternal(RequestMappingHandlerAdapter.java:829) ~[spring-webmvc-6.1.1.jar:6.1.1]
	at org.springframework.web.servlet.mvc.method.AbstractHandlerMethodAdapter.handle(AbstractHandlerMethodAdapter.java:87) ~[spring-webmvc-6.1.1.jar:6.1.1]
	at org.springframework.web.servlet.DispatcherServlet.doDispatch(DispatcherServlet.java:1089) ~[spring-webmvc-6.1.1.jar:6.1.1]
	at org.springframework.web.servlet.DispatcherServlet.doService(DispatcherServlet.java:979) ~[spring-webmvc-6.1.1.jar:6.1.1]
	at org.springframework.web.servlet.FrameworkServlet.processRequest(FrameworkServlet.java:1014) ~[spring-webmvc-6.1.1.jar:6.1.1]
	at org.springframework.web.servlet.FrameworkServlet.doPost(FrameworkServlet.java:914) ~[spring-webmvc-6.1.1.jar:6.1.1]
	at jakarta.servlet.http.HttpServlet.service(HttpServlet.java:590) ~[tomcat-embed-core-10.1.16.jar:6.0]
	at org.springframework.web.servlet.FrameworkServlet.service(FrameworkServlet.java:885) ~[spring-webmvc-6.1.1.jar:6.1.1]
	at jakarta.servlet.http.HttpServlet.service(HttpServlet.java:658) ~[tomcat-embed-core-10.1.16.jar:6.0]
	at org.apache.catalina.core.ApplicationFilterChain.internalDoFilter(ApplicationFilterChain.java:205) ~[tomcat-embed-core-10.1.16.jar:10.1.16]
	at org.apache.catalina.core.ApplicationFilterChain.doFilter(ApplicationFilterChain.java:149) ~[tomcat-embed-core-10.1.16.jar:10.1.16]
	at org.apache.tomcat.websocket.server.WsFilter.doFilter(WsFilter.java:51) ~[tomcat-embed-websocket-10.1.16.jar:10.1.16]
	at org.apache.catalina.core.ApplicationFilterChain.internalDoFilter(ApplicationFilterChain.java:174) ~[tomcat-embed-core-10.1.16.jar:10.1.16]
	at org.apache.catalina.core.ApplicationFilterChain.doFilter(ApplicationFilterChain.java:149) ~[tomcat-embed-core-10.1.16.jar:10.1.16]
	at org.springframework.web.filter.RequestContextFilter.doFilterInternal(RequestContextFilter.java:100) ~[spring-web-6.1.1.jar:6.1.1]
	at org.springframework.web.filter.OncePerRequestFilter.doFilter(OncePerRequestFilter.java:116) ~[spring-web-6.1.1.jar:6.1.1]
	at org.apache.catalina.core.ApplicationFilterChain.internalDoFilter(ApplicationFilterChain.java:174) ~[tomcat-embed-core-10.1.16.jar:10.1.16]
	at org.apache.catalina.core.ApplicationFilterChain.doFilter(ApplicationFilterChain.java:149) ~[tomcat-embed-core-10.1.16.jar:10.1.16]
	at org.springframework.web.filter.FormContentFilter.doFilterInternal(FormContentFilter.java:93) ~[spring-web-6.1.1.jar:6.1.1]
	at org.springframework.web.filter.OncePerRequestFilter.doFilter(OncePerRequestFilter.java:116) ~[spring-web-6.1.1.jar:6.1.1]
	at org.apache.catalina.core.ApplicationFilterChain.internalDoFilter(ApplicationFilterChain.java:174) ~[tomcat-embed-core-10.1.16.jar:10.1.16]
	at org.apache.catalina.core.ApplicationFilterChain.doFilter(ApplicationFilterChain.java:149) ~[tomcat-embed-core-10.1.16.jar:10.1.16]
	at org.springframework.web.filter.ServerHttpObservationFilter.doFilterInternal(ServerHttpObservationFilter.java:109) ~[spring-web-6.1.1.jar:6.1.1]
	at org.springframework.web.filter.OncePerRequestFilter.doFilter(OncePerRequestFilter.java:116) ~[spring-web-6.1.1.jar:6.1.1]
	at org.apache.catalina.core.ApplicationFilterChain.internalDoFilter(ApplicationFilterChain.java:174) ~[tomcat-embed-core-10.1.16.jar:10.1.16]
	at org.apache.catalina.core.ApplicationFilterChain.doFilter(ApplicationFilterChain.java:149) ~[tomcat-embed-core-10.1.16.jar:10.1.16]
	at org.springframework.web.filter.CharacterEncodingFilter.doFilterInternal(CharacterEncodingFilter.java:201) ~[spring-web-6.1.1.jar:6.1.1]
	at org.springframework.web.filter.OncePerRequestFilter.doFilter(OncePerRequestFilter.java:116) ~[spring-web-6.1.1.jar:6.1.1]
	at org.apache.catalina.core.ApplicationFilterChain.internalDoFilter(ApplicationFilterChain.java:174) ~[tomcat-embed-core-10.1.16.jar:10.1.16]
	at org.apache.catalina.core.ApplicationFilterChain.doFilter(ApplicationFilterChain.java:149) ~[tomcat-embed-core-10.1.16.jar:10.1.16]
	at com.flow.engine.common.RequestIdFilter.doFilterInternal(RequestIdFilter.java:40) ~[classes/:na]
	at org.springframework.web.filter.OncePerRequestFilter.doFilter(OncePerRequestFilter.java:116) ~[spring-web-6.1.1.jar:6.1.1]
	at org.apache.catalina.core.ApplicationFilterChain.internalDoFilter(ApplicationFilterChain.java:174) ~[tomcat-embed-core-10.1.16.jar:10.1.16]
	at org.apache.catalina.core.ApplicationFilterChain.doFilter(ApplicationFilterChain.java:149) ~[tomcat-embed-core-10.1.16.jar:10.1.16]
	at org.apache.catalina.core.StandardWrapperValve.invoke(StandardWrapperValve.java:167) ~[tomcat-embed-core-10.1.16.jar:10.1.16]
	at org.apache.catalina.core.StandardContextValve.invoke(StandardContextValve.java:90) ~[tomcat-embed-core-10.1.16.jar:10.1.16]
	at org.apache.catalina.authenticator.AuthenticatorBase.invoke(AuthenticatorBase.java:482) ~[tomcat-embed-core-10.1.16.jar:10.1.16]
	at org.apache.catalina.core.StandardHostValve.invoke(StandardHostValve.java:115) ~[tomcat-embed-core-10.1.16.jar:10.1.16]
	at org.apache.catalina.valves.ErrorReportValve.invoke(ErrorReportValve.java:93) ~[tomcat-embed-core-10.1.16.jar:10.1.16]
	at org.apache.catalina.core.StandardEngineValve.invoke(StandardEngineValve.java:74) ~[tomcat-embed-core-10.1.16.jar:10.1.16]
	at org.apache.catalina.connector.CoyoteAdapter.service(CoyoteAdapter.java:340) ~[tomcat-embed-core-10.1.16.jar:10.1.16]
	at org.apache.coyote.http11.Http11Processor.service(Http11Processor.java:391) ~[tomcat-embed-core-10.1.16.jar:10.1.16]
	at org.apache.coyote.AbstractProcessorLight.process(AbstractProcessorLight.java:63) ~[tomcat-embed-core-10.1.16.jar:10.1.16]
	at org.apache.coyote.AbstractProtocol$ConnectionHandler.process(AbstractProtocol.java:896) ~[tomcat-embed-core-10.1.16.jar:10.1.16]
	at org.apache.tomcat.util.net.NioEndpoint$SocketProcessor.doRun(NioEndpoint.java:1744) ~[tomcat-embed-core-10.1.16.jar:10.1.16]
	at org.apache.tomcat.util.net.SocketProcessorBase.run(SocketProcessorBase.java:52) ~[tomcat-embed-core-10.1.16.jar:10.1.16]
	at org.apache.tomcat.util.threads.ThreadPoolExecutor.runWorker(ThreadPoolExecutor.java:1191) ~[tomcat-embed-core-10.1.16.jar:10.1.16]
	at org.apache.tomcat.util.threads.ThreadPoolExecutor$Worker.run(ThreadPoolExecutor.java:659) ~[tomcat-embed-core-10.1.16.jar:10.1.16]
	at org.apache.tomcat.util.threads.TaskThread$WrappingRunnable.run(TaskThread.java:61) ~[tomcat-embed-core-10.1.16.jar:10.1.16]
	at java.base/java.lang.Thread.run(Thread.java:842) ~[na:na]
Caused by: org.sqlite.SQLiteException: [SQLITE_BUSY] The database file is locked (database is locked)
	at org.sqlite.core.DB.newSQLException(DB.java:1179) ~[sqlite-jdbc-3.45.1.0.jar:na]
	at org.sqlite.core.DB.newSQLException(DB.java:1190) ~[sqlite-jdbc-3.45.1.0.jar:na]
	at org.sqlite.core.DB.execute(DB.java:985) ~[sqlite-jdbc-3.45.1.0.jar:na]
	at org.sqlite.jdbc3.JDBC3PreparedStatement.lambda$execute$0(JDBC3PreparedStatement.java:59) ~[sqlite-jdbc-3.45.1.0.jar:na]
	at org.sqlite.jdbc3.JDBC3Statement.withConnectionTimeout(JDBC3Statement.java:454) ~[sqlite-jdbc-3.45.1.0.jar:na]
	at org.sqlite.jdbc3.JDBC3PreparedStatement.execute(JDBC3PreparedStatement.java:53) ~[sqlite-jdbc-3.45.1.0.jar:na]
	at com.zaxxer.hikari.pool.ProxyPreparedStatement.execute(ProxyPreparedStatement.java:44) ~[HikariCP-5.0.1.jar:na]
	at com.zaxxer.hikari.pool.HikariProxyPreparedStatement.execute(HikariProxyPreparedStatement.java) ~[HikariCP-5.0.1.jar:na]
	at org.apache.ibatis.executor.statement.PreparedStatementHandler.update(PreparedStatementHandler.java:48) ~[mybatis-3.5.15.jar:3.5.15]
	at org.apache.ibatis.executor.statement.RoutingStatementHandler.update(RoutingStatementHandler.java:75) ~[mybatis-3.5.15.jar:3.5.15]
	at jdk.internal.reflect.GeneratedMethodAccessor198.invoke(Unknown Source) ~[na:na]
	at java.base/jdk.internal.reflect.DelegatingMethodAccessorImpl.invoke(DelegatingMethodAccessorImpl.java:43) ~[na:na]
	at java.base/java.lang.reflect.Method.invoke(Method.java:568) ~[na:na]
	at org.apache.ibatis.plugin.Plugin.invoke(Plugin.java:61) ~[mybatis-3.5.15.jar:3.5.15]
	at jdk.proxy2/jdk.proxy2.$Proxy197.update(Unknown Source) ~[na:na]
	at org.apache.ibatis.executor.SimpleExecutor.doUpdate(SimpleExecutor.java:50) ~[mybatis-3.5.15.jar:3.5.15]
	at org.apache.ibatis.executor.BaseExecutor.update(BaseExecutor.java:117) ~[mybatis-3.5.15.jar:3.5.15]
	at org.apache.ibatis.executor.CachingExecutor.update(CachingExecutor.java:76) ~[mybatis-3.5.15.jar:3.5.15]
	at jdk.internal.reflect.GeneratedMethodAccessor197.invoke(Unknown Source) ~[na:na]
	at java.base/jdk.internal.reflect.DelegatingMethodAccessorImpl.invoke(DelegatingMethodAccessorImpl.java:43) ~[na:na]
	at java.base/java.lang.reflect.Method.invoke(Method.java:568) ~[na:na]
	at org.apache.ibatis.plugin.Invocation.proceed(Invocation.java:49) ~[mybatis-3.5.15.jar:3.5.15]
	at com.baomidou.mybatisplus.extension.plugins.MybatisPlusInterceptor.intercept(MybatisPlusInterceptor.java:106) ~[mybatis-plus-extension-3.5.5.jar:3.5.5]
	at org.apache.ibatis.plugin.Plugin.invoke(Plugin.java:59) ~[mybatis-3.5.15.jar:3.5.15]
	at jdk.proxy2/jdk.proxy2.$Proxy196.update(Unknown Source) ~[na:na]
	at org.apache.ibatis.session.defaults.DefaultSqlSession.update(DefaultSqlSession.java:197) ~[mybatis-3.5.15.jar:3.5.15]
	at java.base/jdk.internal.reflect.NativeMethodAccessorImpl.invoke0(Native Method) ~[na:na]
	at java.base/jdk.internal.reflect.NativeMethodAccessorImpl.invoke(NativeMethodAccessorImpl.java:77) ~[na:na]
	at java.base/jdk.internal.reflect.DelegatingMethodAccessorImpl.invoke(DelegatingMethodAccessorImpl.java:43) ~[na:na]
	at java.base/java.lang.reflect.Method.invoke(Method.java:568) ~[na:na]
	at org.mybatis.spring.SqlSessionTemplate$SqlSessionInterceptor.invoke(SqlSessionTemplate.java:425) ~[mybatis-spring-3.0.3.jar:3.0.3]
	... 65 common frames omitted

2026-08-05T20:58:33.159+08:00  WARN 2736 --- [flow-engine] [io-8080-exec-10] c.flow.engine.service.WebhookScheduler   : Webhook重试第2次失败: logId=5, error=I/O error on POST request for "http://localhost:8080/api/webhook/hazardous/upsert": Read timed out
2026-08-05T20:58:34.103+08:00 ERROR 2736 --- [flow-engine] [nio-8080-exec-5] c.f.e.common.GlobalExceptionHandler      : 系统异常: 
### Error updating database.  Cause: org.sqlite.SQLiteException: [SQLITE_BUSY] The database file is locked (database is locked)
### The error may exist in com/flow/engine/mapper/EmsHazardousLedgerMapper.java (best guess)
### The error may involve com.flow.engine.mapper.EmsHazardousLedgerMapper.updateById-Inline
### The error occurred while setting parameters
### SQL: UPDATE t_hazardous_ledger  SET name=?, cas_no=?, category=?, qty=?, unit=?, status=?, apply_by=?, approve_by=?, apply_reason=?, approve_opinion=?, apply_time=?, approve_time=?,  create_time=?, update_time=?  WHERE id=?
### Cause: org.sqlite.SQLiteException: [SQLITE_BUSY] The database file is locked (database is locked)
; uncategorized SQLException; SQL state [null]; error code [5]; [SQLITE_BUSY] The database file is locked (database is locked)

org.springframework.jdbc.UncategorizedSQLException: 
### Error updating database.  Cause: org.sqlite.SQLiteException: [SQLITE_BUSY] The database file is locked (database is locked)
### The error may exist in com/flow/engine/mapper/EmsHazardousLedgerMapper.java (best guess)
### The error may involve com.flow.engine.mapper.EmsHazardousLedgerMapper.updateById-Inline
### The error occurred while setting parameters
### SQL: UPDATE t_hazardous_ledger  SET name=?, cas_no=?, category=?, qty=?, unit=?, status=?, apply_by=?, approve_by=?, apply_reason=?, approve_opinion=?, apply_time=?, approve_time=?,  create_time=?, update_time=?  WHERE id=?
### Cause: org.sqlite.SQLiteException: [SQLITE_BUSY] The database file is locked (database is locked)
; uncategorized SQLException; SQL state [null]; error code [5]; [SQLITE_BUSY] The database file is locked (database is locked)
	at org.mybatis.spring.MyBatisExceptionTranslator.translateExceptionIfPossible(MyBatisExceptionTranslator.java:93) ~[mybatis-spring-3.0.3.jar:3.0.3]
	at org.mybatis.spring.SqlSessionTemplate$SqlSessionInterceptor.invoke(SqlSessionTemplate.java:439) ~[mybatis-spring-3.0.3.jar:3.0.3]
	at jdk.proxy2/jdk.proxy2.$Proxy90.update(Unknown Source) ~[na:na]
	at org.mybatis.spring.SqlSessionTemplate.update(SqlSessionTemplate.java:288) ~[mybatis-spring-3.0.3.jar:3.0.3]
	at com.baomidou.mybatisplus.core.override.MybatisMapperMethod.execute(MybatisMapperMethod.java:64) ~[mybatis-plus-core-3.5.5.jar:3.5.5]
	at com.baomidou.mybatisplus.core.override.MybatisMapperProxy$PlainMethodInvoker.invoke(MybatisMapperProxy.java:152) ~[mybatis-plus-core-3.5.5.jar:3.5.5]
	at com.baomidou.mybatisplus.core.override.MybatisMapperProxy.invoke(MybatisMapperProxy.java:89) ~[mybatis-plus-core-3.5.5.jar:3.5.5]
	at jdk.proxy2/jdk.proxy2.$Proxy146.updateById(Unknown Source) ~[na:na]
	at com.flow.engine.controllers.HazardousWebhookController.upsert(HazardousWebhookController.java:92) ~[classes/:na]
	at java.base/jdk.internal.reflect.NativeMethodAccessorImpl.invoke0(Native Method) ~[na:na]
	at java.base/jdk.internal.reflect.NativeMethodAccessorImpl.invoke(NativeMethodAccessorImpl.java:77) ~[na:na]
	at java.base/jdk.internal.reflect.DelegatingMethodAccessorImpl.invoke(DelegatingMethodAccessorImpl.java:43) ~[na:na]
	at java.base/java.lang.reflect.Method.invoke(Method.java:568) ~[na:na]
	at org.springframework.web.method.support.InvocableHandlerMethod.doInvoke(InvocableHandlerMethod.java:254) ~[spring-web-6.1.1.jar:6.1.1]
	at org.springframework.web.method.support.InvocableHandlerMethod.invokeForRequest(InvocableHandlerMethod.java:182) ~[spring-web-6.1.1.jar:6.1.1]
	at org.springframework.web.servlet.mvc.method.annotation.ServletInvocableHandlerMethod.invokeAndHandle(ServletInvocableHandlerMethod.java:118) ~[spring-webmvc-6.1.1.jar:6.1.1]
	at org.springframework.web.servlet.mvc.method.annotation.RequestMappingHandlerAdapter.invokeHandlerMethod(RequestMappingHandlerAdapter.java:917) ~[spring-webmvc-6.1.1.jar:6.1.1]
	at org.springframework.web.servlet.mvc.method.annotation.RequestMappingHandlerAdapter.handleInternal(RequestMappingHandlerAdapter.java:829) ~[spring-webmvc-6.1.1.jar:6.1.1]
	at org.springframework.web.servlet.mvc.method.AbstractHandlerMethodAdapter.handle(AbstractHandlerMethodAdapter.java:87) ~[spring-webmvc-6.1.1.jar:6.1.1]
	at org.springframework.web.servlet.DispatcherServlet.doDispatch(DispatcherServlet.java:1089) ~[spring-webmvc-6.1.1.jar:6.1.1]
	at org.springframework.web.servlet.DispatcherServlet.doService(DispatcherServlet.java:979) ~[spring-webmvc-6.1.1.jar:6.1.1]
	at org.springframework.web.servlet.FrameworkServlet.processRequest(FrameworkServlet.java:1014) ~[spring-webmvc-6.1.1.jar:6.1.1]
	at org.springframework.web.servlet.FrameworkServlet.doPost(FrameworkServlet.java:914) ~[spring-webmvc-6.1.1.jar:6.1.1]
	at jakarta.servlet.http.HttpServlet.service(HttpServlet.java:590) ~[tomcat-embed-core-10.1.16.jar:6.0]
	at org.springframework.web.servlet.FrameworkServlet.service(FrameworkServlet.java:885) ~[spring-webmvc-6.1.1.jar:6.1.1]
	at jakarta.servlet.http.HttpServlet.service(HttpServlet.java:658) ~[tomcat-embed-core-10.1.16.jar:6.0]
	at org.apache.catalina.core.ApplicationFilterChain.internalDoFilter(ApplicationFilterChain.java:205) ~[tomcat-embed-core-10.1.16.jar:10.1.16]
	at org.apache.catalina.core.ApplicationFilterChain.doFilter(ApplicationFilterChain.java:149) ~[tomcat-embed-core-10.1.16.jar:10.1.16]
	at org.apache.tomcat.websocket.server.WsFilter.doFilter(WsFilter.java:51) ~[tomcat-embed-websocket-10.1.16.jar:10.1.16]
	at org.apache.catalina.core.ApplicationFilterChain.internalDoFilter(ApplicationFilterChain.java:174) ~[tomcat-embed-core-10.1.16.jar:10.1.16]
	at org.apache.catalina.core.ApplicationFilterChain.doFilter(ApplicationFilterChain.java:149) ~[tomcat-embed-core-10.1.16.jar:10.1.16]
	at org.springframework.web.filter.RequestContextFilter.doFilterInternal(RequestContextFilter.java:100) ~[spring-web-6.1.1.jar:6.1.1]
	at org.springframework.web.filter.OncePerRequestFilter.doFilter(OncePerRequestFilter.java:116) ~[spring-web-6.1.1.jar:6.1.1]
	at org.apache.catalina.core.ApplicationFilterChain.internalDoFilter(ApplicationFilterChain.java:174) ~[tomcat-embed-core-10.1.16.jar:10.1.16]
	at org.apache.catalina.core.ApplicationFilterChain.doFilter(ApplicationFilterChain.java:149) ~[tomcat-embed-core-10.1.16.jar:10.1.16]
	at org.springframework.web.filter.FormContentFilter.doFilterInternal(FormContentFilter.java:93) ~[spring-web-6.1.1.jar:6.1.1]
	at org.springframework.web.filter.OncePerRequestFilter.doFilter(OncePerRequestFilter.java:116) ~[spring-web-6.1.1.jar:6.1.1]
	at org.apache.catalina.core.ApplicationFilterChain.internalDoFilter(ApplicationFilterChain.java:174) ~[tomcat-embed-core-10.1.16.jar:10.1.16]
	at org.apache.catalina.core.ApplicationFilterChain.doFilter(ApplicationFilterChain.java:149) ~[tomcat-embed-core-10.1.16.jar:10.1.16]
	at org.springframework.web.filter.ServerHttpObservationFilter.doFilterInternal(ServerHttpObservationFilter.java:109) ~[spring-web-6.1.1.jar:6.1.1]
	at org.springframework.web.filter.OncePerRequestFilter.doFilter(OncePerRequestFilter.java:116) ~[spring-web-6.1.1.jar:6.1.1]
	at org.apache.catalina.core.ApplicationFilterChain.internalDoFilter(ApplicationFilterChain.java:174) ~[tomcat-embed-core-10.1.16.jar:10.1.16]
	at org.apache.catalina.core.ApplicationFilterChain.doFilter(ApplicationFilterChain.java:149) ~[tomcat-embed-core-10.1.16.jar:10.1.16]
	at org.springframework.web.filter.CharacterEncodingFilter.doFilterInternal(CharacterEncodingFilter.java:201) ~[spring-web-6.1.1.jar:6.1.1]
	at org.springframework.web.filter.OncePerRequestFilter.doFilter(OncePerRequestFilter.java:116) ~[spring-web-6.1.1.jar:6.1.1]
	at org.apache.catalina.core.ApplicationFilterChain.internalDoFilter(ApplicationFilterChain.java:174) ~[tomcat-embed-core-10.1.16.jar:10.1.16]
	at org.apache.catalina.core.ApplicationFilterChain.doFilter(ApplicationFilterChain.java:149) ~[tomcat-embed-core-10.1.16.jar:10.1.16]
	at com.flow.engine.common.RequestIdFilter.doFilterInternal(RequestIdFilter.java:40) ~[classes/:na]
	at org.springframework.web.filter.OncePerRequestFilter.doFilter(OncePerRequestFilter.java:116) ~[spring-web-6.1.1.jar:6.1.1]
	at org.apache.catalina.core.ApplicationFilterChain.internalDoFilter(ApplicationFilterChain.java:174) ~[tomcat-embed-core-10.1.16.jar:10.1.16]
	at org.apache.catalina.core.ApplicationFilterChain.doFilter(ApplicationFilterChain.java:149) ~[tomcat-embed-core-10.1.16.jar:10.1.16]
	at org.apache.catalina.core.StandardWrapperValve.invoke(StandardWrapperValve.java:167) ~[tomcat-embed-core-10.1.16.jar:10.1.16]
	at org.apache.catalina.core.StandardContextValve.invoke(StandardContextValve.java:90) ~[tomcat-embed-core-10.1.16.jar:10.1.16]
	at org.apache.catalina.authenticator.AuthenticatorBase.invoke(AuthenticatorBase.java:482) ~[tomcat-embed-core-10.1.16.jar:10.1.16]
	at org.apache.catalina.core.StandardHostValve.invoke(StandardHostValve.java:115) ~[tomcat-embed-core-10.1.16.jar:10.1.16]
	at org.apache.catalina.valves.ErrorReportValve.invoke(ErrorReportValve.java:93) ~[tomcat-embed-core-10.1.16.jar:10.1.16]
	at org.apache.catalina.core.StandardEngineValve.invoke(StandardEngineValve.java:74) ~[tomcat-embed-core-10.1.16.jar:10.1.16]
	at org.apache.catalina.connector.CoyoteAdapter.service(CoyoteAdapter.java:340) ~[tomcat-embed-core-10.1.16.jar:10.1.16]
	at org.apache.coyote.http11.Http11Processor.service(Http11Processor.java:391) ~[tomcat-embed-core-10.1.16.jar:10.1.16]
	at org.apache.coyote.AbstractProcessorLight.process(AbstractProcessorLight.java:63) ~[tomcat-embed-core-10.1.16.jar:10.1.16]
	at org.apache.coyote.AbstractProtocol$ConnectionHandler.process(AbstractProtocol.java:896) ~[tomcat-embed-core-10.1.16.jar:10.1.16]
	at org.apache.tomcat.util.net.NioEndpoint$SocketProcessor.doRun(NioEndpoint.java:1744) ~[tomcat-embed-core-10.1.16.jar:10.1.16]
	at org.apache.tomcat.util.net.SocketProcessorBase.run(SocketProcessorBase.java:52) ~[tomcat-embed-core-10.1.16.jar:10.1.16]
	at org.apache.tomcat.util.threads.ThreadPoolExecutor.runWorker(ThreadPoolExecutor.java:1191) ~[tomcat-embed-core-10.1.16.jar:10.1.16]
	at org.apache.tomcat.util.threads.ThreadPoolExecutor$Worker.run(ThreadPoolExecutor.java:659) ~[tomcat-embed-core-10.1.16.jar:10.1.16]
	at org.apache.tomcat.util.threads.TaskThread$WrappingRunnable.run(TaskThread.java:61) ~[tomcat-embed-core-10.1.16.jar:10.1.16]
	at java.base/java.lang.Thread.run(Thread.java:842) ~[na:na]
Caused by: org.sqlite.SQLiteException: [SQLITE_BUSY] The database file is locked (database is locked)
	at org.sqlite.core.DB.newSQLException(DB.java:1179) ~[sqlite-jdbc-3.45.1.0.jar:na]
	at org.sqlite.core.DB.newSQLException(DB.java:1190) ~[sqlite-jdbc-3.45.1.0.jar:na]
	at org.sqlite.core.DB.execute(DB.java:985) ~[sqlite-jdbc-3.45.1.0.jar:na]
	at org.sqlite.jdbc3.JDBC3PreparedStatement.lambda$execute$0(JDBC3PreparedStatement.java:59) ~[sqlite-jdbc-3.45.1.0.jar:na]
	at org.sqlite.jdbc3.JDBC3Statement.withConnectionTimeout(JDBC3Statement.java:454) ~[sqlite-jdbc-3.45.1.0.jar:na]
	at org.sqlite.jdbc3.JDBC3PreparedStatement.execute(JDBC3PreparedStatement.java:53) ~[sqlite-jdbc-3.45.1.0.jar:na]
	at com.zaxxer.hikari.pool.ProxyPreparedStatement.execute(ProxyPreparedStatement.java:44) ~[HikariCP-5.0.1.jar:na]
	at com.zaxxer.hikari.pool.HikariProxyPreparedStatement.execute(HikariProxyPreparedStatement.java) ~[HikariCP-5.0.1.jar:na]
	at org.apache.ibatis.executor.statement.PreparedStatementHandler.update(PreparedStatementHandler.java:48) ~[mybatis-3.5.15.jar:3.5.15]
	at org.apache.ibatis.executor.statement.RoutingStatementHandler.update(RoutingStatementHandler.java:75) ~[mybatis-3.5.15.jar:3.5.15]
	at jdk.internal.reflect.GeneratedMethodAccessor198.invoke(Unknown Source) ~[na:na]
	at java.base/jdk.internal.reflect.DelegatingMethodAccessorImpl.invoke(DelegatingMethodAccessorImpl.java:43) ~[na:na]
	at java.base/java.lang.reflect.Method.invoke(Method.java:568) ~[na:na]
	at org.apache.ibatis.plugin.Plugin.invoke(Plugin.java:61) ~[mybatis-3.5.15.jar:3.5.15]
	at jdk.proxy2/jdk.proxy2.$Proxy197.update(Unknown Source) ~[na:na]
	at org.apache.ibatis.executor.SimpleExecutor.doUpdate(SimpleExecutor.java:50) ~[mybatis-3.5.15.jar:3.5.15]
	at org.apache.ibatis.executor.BaseExecutor.update(BaseExecutor.java:117) ~[mybatis-3.5.15.jar:3.5.15]
	at org.apache.ibatis.executor.CachingExecutor.update(CachingExecutor.java:76) ~[mybatis-3.5.15.jar:3.5.15]
	at jdk.internal.reflect.GeneratedMethodAccessor197.invoke(Unknown Source) ~[na:na]
	at java.base/jdk.internal.reflect.DelegatingMethodAccessorImpl.invoke(DelegatingMethodAccessorImpl.java:43) ~[na:na]
	at java.base/java.lang.reflect.Method.invoke(Method.java:568) ~[na:na]
	at org.apache.ibatis.plugin.Invocation.proceed(Invocation.java:49) ~[mybatis-3.5.15.jar:3.5.15]
	at com.baomidou.mybatisplus.extension.plugins.MybatisPlusInterceptor.intercept(MybatisPlusInterceptor.java:106) ~[mybatis-plus-extension-3.5.5.jar:3.5.5]
	at org.apache.ibatis.plugin.Plugin.invoke(Plugin.java:59) ~[mybatis-3.5.15.jar:3.5.15]
	at jdk.proxy2/jdk.proxy2.$Proxy196.update(Unknown Source) ~[na:na]
	at org.apache.ibatis.session.defaults.DefaultSqlSession.update(DefaultSqlSession.java:197) ~[mybatis-3.5.15.jar:3.5.15]
	at java.base/jdk.internal.reflect.NativeMethodAccessorImpl.invoke0(Native Method) ~[na:na]
	at java.base/jdk.internal.reflect.NativeMethodAccessorImpl.invoke(NativeMethodAccessorImpl.java:77) ~[na:na]
	at java.base/jdk.internal.reflect.DelegatingMethodAccessorImpl.invoke(DelegatingMethodAccessorImpl.java:43) ~[na:na]
	at java.base/java.lang.reflect.Method.invoke(Method.java:568) ~[na:na]
	at org.mybatis.spring.SqlSessionTemplate$SqlSessionInterceptor.invoke(SqlSessionTemplate.java:425) ~[mybatis-spring-3.0.3.jar:3.0.3]
	... 65 common frames omitted

2026-08-05T20:58:38.176+08:00  WARN 2736 --- [flow-engine] [io-8080-exec-10] c.flow.engine.service.WebhookScheduler   : Webhook重试第3次失败: logId=5, error=I/O error on POST request for "http://localhost:8080/api/webhook/hazardous/upsert": Read timed out
2026-08-05T20:58:38.192+08:00  INFO 2736 --- [flow-engine] [nio-8080-exec-8] c.f.e.c.HazardousWebhookController       : [HazardousWebhook] CAS=7664-93-9 已存在，库存叠加 5 -> 505
2026-08-05T20:58:38.286+08:00  INFO 2736 --- [flow-engine] [nio-8080-exec-3] c.f.e.c.HazardousWebhookController       : [HazardousWebhook] CAS=7664-93-9 已存在，库存叠加 5 -> 505
2026-08-05T20:58:52.228+08:00  INFO 2736 --- [flow-engine] [nio-8080-exec-2] com.flow.engine.service.AuthService      : 用户登录: username=sys_admin, token=efb5b9dce7084c7bab702c217004fa10
[INFO] ------------------------------------------------------------------------
[INFO] BUILD FAILURE
[INFO] ------------------------------------------------------------------------
[INFO] Total time:  09:50 min
[INFO] Finished at: 2026-08-05T21:05:33+08:00
[INFO] ------------------------------------------------------------------------
[ERROR] Failed to execute goal org.springframework.boot:spring-boot-maven-plugin:3.2.0:run (default-cli) on project flow-engine: Process terminated with exit code: -1 -> [Help 1]
[ERROR] 
[ERROR] To see the full stack trace of the errors, re-run Maven with the -e switch.
[ERROR] Re-run Maven using the -X switch to enable full debug logging.
[ERROR] 
[ERROR] For more information about the errors and possible solutions, please read the following articles:
[ERROR] [Help 1] http://cwiki.apache.org/confluence/display/MAVEN/MojoExecutionException
