[INFO] Scanning for projects...
[INFO] 
[INFO] ------------------------< com.flow:flow-engine >------------------------
[INFO] Building flow-engine 1.0.0
[INFO]   from pom.xml
[INFO] --------------------------------[ jar ]---------------------------------
[INFO] 
[INFO] >>> spring-boot:3.2.0:run (default-cli) > test-compile @ flow-engine >>>
[INFO] 
[INFO] --- resources:3.3.1:resources (default-resources) @ flow-engine ---
[INFO] Copying 1 resource from src\main\resources to target\classes
[INFO] Copying 1 resource from src\main\resources to target\classes
[INFO] 
[INFO] --- compiler:3.11.0:compile (default-compile) @ flow-engine ---
[INFO] Changes detected - recompiling the module! :source
[INFO] Compiling 316 source files with javac [debug release 17] to target\classes
[INFO] /D:/source_code/workflow/flow-engine/src/main/java/com/flow/engine/common/utils/ExpressionUtils.java: 某些输入文件使用了未经检查或不安全的操作。
[INFO] /D:/source_code/workflow/flow-engine/src/main/java/com/flow/engine/common/utils/ExpressionUtils.java: 有关详细信息, 请使用 -Xlint:unchecked 重新编译。
[INFO] 
[INFO] --- resources:3.3.1:testResources (default-testResources) @ flow-engine ---
[INFO] Copying 1 resource from src\test\resources to target\test-classes
[INFO] 
[INFO] --- compiler:3.11.0:testCompile (default-testCompile) @ flow-engine ---
[INFO] Changes detected - recompiling the module! :dependency
[INFO] Compiling 36 source files with javac [debug release 17] to target\test-classes
[INFO] /D:/source_code/workflow/flow-engine/src/test/java/com/flow/engine/controller/TaskApiTest.java: D:\source_code\workflow\flow-engine\src\test\java\com\flow\engine\controller\TaskApiTest.java使用了未经检查或不安全的操作。
[INFO] /D:/source_code/workflow/flow-engine/src/test/java/com/flow/engine/controller/TaskApiTest.java: 有关详细信息, 请使用 -Xlint:unchecked 重新编译。
[INFO] 
[INFO] <<< spring-boot:3.2.0:run (default-cli) < test-compile @ flow-engine <<<
[INFO] 
[INFO] 
[INFO] --- spring-boot:3.2.0:run (default-cli) @ flow-engine ---
[INFO] Attaching agents: []

  .   ____          _            __ _ _
 /\\ / ___'_ __ _ _(_)_ __  __ _ \ \ \ \
( ( )\___ | '_ | '_| | '_ \/ _` | \ \ \ \
 \\/  ___)| |_)| | | | | || (_| |  ) ) ) )
  '  |____| .__|_| |_|_| |_\__, | / / / /
 =========|_|==============|___/=/_/_/_/
 :: Spring Boot ::                (v3.2.0)

2026-08-03T21:49:58.573+08:00  INFO 2836 --- [flow-engine] [           main] com.flow.engine.FlowEngineApplication    : Starting FlowEngineApplication using Java 17.0.12 with PID 2836 (D:\source_code\workflow\flow-engine\target\classes started by chengJin-huawei in D:\source_code\workflow\flow-engine)
2026-08-03T21:49:58.576+08:00  INFO 2836 --- [flow-engine] [           main] com.flow.engine.FlowEngineApplication    : No active profile set, falling back to 1 default profile: "default"
2026-08-03T21:50:00.824+08:00  INFO 2836 --- [flow-engine] [           main] o.s.b.w.embedded.tomcat.TomcatWebServer  : Tomcat initialized with port 8080 (http)
2026-08-03T21:50:00.869+08:00  INFO 2836 --- [flow-engine] [           main] o.apache.catalina.core.StandardService   : Starting service [Tomcat]
2026-08-03T21:50:00.870+08:00  INFO 2836 --- [flow-engine] [           main] o.apache.catalina.core.StandardEngine    : Starting Servlet engine: [Apache Tomcat/10.1.16]
2026-08-03T21:50:00.953+08:00  INFO 2836 --- [flow-engine] [           main] o.a.c.c.C.[Tomcat].[localhost].[/]       : Initializing Spring embedded WebApplicationContext
2026-08-03T21:50:00.955+08:00  INFO 2836 --- [flow-engine] [           main] w.s.c.ServletWebServerApplicationContext : Root WebApplicationContext: initialization completed in 2028 ms
2026-08-03T21:50:01.234+08:00  INFO 2836 --- [flow-engine] [           main] com.zaxxer.hikari.HikariDataSource       : HikariPool-1 - Starting...
2026-08-03T21:50:01.506+08:00  INFO 2836 --- [flow-engine] [           main] com.zaxxer.hikari.pool.HikariPool        : HikariPool-1 - Added connection org.sqlite.jdbc4.JDBC4Connection@213012a0
2026-08-03T21:50:01.508+08:00  INFO 2836 --- [flow-engine] [           main] com.zaxxer.hikari.HikariDataSource       : HikariPool-1 - Start completed.
 _ _   |_  _ _|_. ___ _ |    _ 
| | |\/|_)(_| | |_\  |_)||_|_\ 
     /               |         
                        3.5.5 
2026-08-03T21:50:03.852+08:00  INFO 2836 --- [flow-engine] [           main] c.f.e.node.NodeHandlerAutoConfiguration  : [NodeHandler] 自动注册节点处理器: type=dummy, class=com.flow.engine.node.DummyNodeHandler
2026-08-03T21:50:03.887+08:00  INFO 2836 --- [flow-engine] [           main] c.f.e.node.NodeHandlerAutoConfiguration  : [NodeHandler] 自动注册节点处理器: type=customDemo, class=com.flow.engine.node.impl.CustomDemoNodeHandler
2026-08-03T21:50:03.888+08:00  INFO 2836 --- [flow-engine] [           main] c.f.e.node.NodeHandlerAutoConfiguration  : [NodeHandler] 自动注册节点处理器: type=end, class=com.flow.engine.node.impl.EndNodeHandler
2026-08-03T21:50:03.889+08:00  INFO 2836 --- [flow-engine] [           main] c.f.e.node.NodeHandlerAutoConfiguration  : [NodeHandler] 自动注册节点处理器: type=exclusiveGateway, class=com.flow.engine.node.impl.ExclusiveGatewayNodeHandler
2026-08-03T21:50:03.889+08:00  INFO 2836 --- [flow-engine] [           main] c.f.e.node.NodeHandlerAutoConfiguration  : [NodeHandler] 自动注册节点处理器: type=inclusiveGateway, class=com.flow.engine.node.impl.InclusiveGatewayNodeHandler
2026-08-03T21:50:03.889+08:00  INFO 2836 --- [flow-engine] [           main] c.f.e.node.NodeHandlerAutoConfiguration  : [NodeHandler] 自动注册节点处理器: type=parallelGateway, class=com.flow.engine.node.impl.ParallelGatewayNodeHandler
2026-08-03T21:50:03.890+08:00  INFO 2836 --- [flow-engine] [           main] c.f.e.node.NodeHandlerAutoConfiguration  : [NodeHandler] 自动注册节点处理器: type=scriptTask, class=com.flow.engine.node.impl.ScriptTaskNodeHandler
2026-08-03T21:50:03.890+08:00  INFO 2836 --- [flow-engine] [           main] c.f.e.node.NodeHandlerAutoConfiguration  : [NodeHandler] 自动注册节点处理器: type=serviceTask, class=com.flow.engine.node.impl.ServiceTaskNodeHandler
2026-08-03T21:50:03.890+08:00  INFO 2836 --- [flow-engine] [           main] c.f.e.node.NodeHandlerAutoConfiguration  : [NodeHandler] 自动注册节点处理器: type=start, class=com.flow.engine.node.impl.StartNodeHandler
2026-08-03T21:50:03.892+08:00  INFO 2836 --- [flow-engine] [           main] c.f.e.node.NodeHandlerAutoConfiguration  : [NodeHandler] 自动注册节点处理器: type=subProcess, class=com.flow.engine.node.impl.SubProcessNodeHandler
2026-08-03T21:50:03.892+08:00  INFO 2836 --- [flow-engine] [           main] c.f.e.node.NodeHandlerAutoConfiguration  : [NodeHandler] 自动注册节点处理器: type=userTask, class=com.flow.engine.node.impl.UserTaskNodeHandler
2026-08-03T21:50:04.550+08:00  WARN 2836 --- [flow-engine] [           main] .b.a.g.t.GroovyTemplateAutoConfiguration : Cannot find template location: classpath:/templates/ (please add some templates, check your Groovy configuration, or set spring.groovy.template.check-template-location=false)
2026-08-03T21:50:04.962+08:00  INFO 2836 --- [flow-engine] [           main] o.s.b.a.e.web.EndpointLinksResolver      : Exposing 2 endpoint(s) beneath base path '/actuator'
2026-08-03T21:50:05.124+08:00  INFO 2836 --- [flow-engine] [           main] o.s.b.w.embedded.tomcat.TomcatWebServer  : Tomcat started on port 8080 (http) with context path ''
2026-08-03T21:50:05.176+08:00  INFO 2836 --- [flow-engine] [           main] com.flow.engine.FlowEngineApplication    : Started FlowEngineApplication in 7.124 seconds (process running for 7.506)
2026-08-03T21:50:05.223+08:00  INFO 2836 --- [flow-engine] [           main] c.f.engine.config.DictDataInitializer    : [DictDataInitializer] 开始初始化系统内置字典数据...
2026-08-03T21:50:05.527+08:00  INFO 2836 --- [flow-engine] [           main] c.f.engine.config.DictDataInitializer    : [DictDataInitializer] 系统内置字典数据初始化完成
2026-08-03T21:50:05.541+08:00  INFO 2836 --- [flow-engine] [           main] c.f.e.config.CustomerDataInitializer     : [CustomerDataInitializer] t_customer 已存在 100 条数据，跳过初始化
2026-08-03T21:50:05.542+08:00  INFO 2836 --- [flow-engine] [           main] c.f.e.config.TripleAdminInitializer      : [TripleAdminInitializer] 开始初始化三员账号...
2026-08-03T21:50:05.542+08:00  INFO 2836 --- [flow-engine] [           main] c.f.engine.service.TripleAdminService    : [TripleAdminService] 开始初始化三员账号...
2026-08-03T21:50:05.553+08:00  INFO 2836 --- [flow-engine] [           main] c.f.engine.service.TripleAdminService    : [TripleAdminService] 三员账号初始化完成
2026-08-03T21:50:05.554+08:00  INFO 2836 --- [flow-engine] [           main] c.f.e.config.TripleAdminInitializer      : [TripleAdminInitializer] 三员账号初始化完成
2026-08-03T21:50:05.555+08:00  INFO 2836 --- [flow-engine] [           main] c.f.e.config.EntrustDataInitializer      : [EntrustDataInitializer] t_entrust 现有 49 条，不足 100 条，先清空再初始化
2026-08-03T21:50:05.559+08:00  INFO 2836 --- [flow-engine] [           main] c.f.e.config.EntrustDataInitializer      : [EntrustDataInitializer] 开始初始化 100 条委托数据...
2026-08-03T21:50:05.949+08:00  INFO 2836 --- [flow-engine] [           main] c.f.e.config.EntrustDataInitializer      : [EntrustDataInitializer] 委托数据初始化完成: 新增 100 条
2026-08-03T21:50:05.950+08:00  INFO 2836 --- [flow-engine] [           main] c.f.e.config.PermissionDataInitializer   : [PermissionDataInitializer] 开始初始化权限数据...
2026-08-03T21:50:05.960+08:00  INFO 2836 --- [flow-engine] [           main] c.f.e.config.PermissionDataInitializer   : [PermissionDataInitializer] 权限数据已存在且完整，跳过初始化
2026-08-03T21:50:06.007+08:00  INFO 2836 --- [flow-engine] [           main] c.f.e.config.PermissionDataInitializer   : [PermissionDataInitializer] 权限数据初始化完成
2026-08-03T21:50:06.009+08:00  INFO 2836 --- [flow-engine] [           main] c.f.e.c.SamplingOrderDataInitializer     : [SamplingOrderDataInitializer] 为 2 条采样订单分配负责人...
2026-08-03T21:50:06.016+08:00  INFO 2836 --- [flow-engine] [           main] c.f.e.c.SamplingOrderDataInitializer     : [SamplingOrderDataInitializer] 负责人分配完成
2026-08-03T21:50:53.963+08:00  INFO 2836 --- [flow-engine] [nio-8080-exec-1] o.a.c.c.C.[Tomcat].[localhost].[/]       : Initializing Spring DispatcherServlet 'dispatcherServlet'
2026-08-03T21:50:53.998+08:00  INFO 2836 --- [flow-engine] [nio-8080-exec-1] o.s.web.servlet.DispatcherServlet        : Initializing Servlet 'dispatcherServlet'
2026-08-03T21:50:54.001+08:00  INFO 2836 --- [flow-engine] [nio-8080-exec-1] o.s.web.servlet.DispatcherServlet        : Completed initialization in 2 ms
2026-08-03T23:11:16.572+08:00  WARN 2836 --- [flow-engine] [io-8080-exec-10] o.s.web.servlet.PageNotFound             : No mapping for GET /api/v1/ems/base/dispatch/instrument-usage
2026-08-03T23:11:41.049+08:00  WARN 2836 --- [flow-engine] [nio-8080-exec-7] o.s.web.servlet.PageNotFound             : No mapping for GET /api/v1/ems/base/dispatch/instrument-usage
2026-08-03T23:20:47.648+08:00  WARN 2836 --- [flow-engine] [nio-8080-exec-8] o.s.web.servlet.PageNotFound             : No mapping for GET /api/v1/ems/base/dispatch/instrument-usage
2026-08-03T23:20:58.969+08:00  WARN 2836 --- [flow-engine] [nio-8080-exec-1] o.s.web.servlet.PageNotFound             : No mapping for GET /api/v1/ems/base/dispatch/instrument-usage
2026-08-03T23:21:12.878+08:00  WARN 2836 --- [flow-engine] [io-8080-exec-10] o.s.web.servlet.PageNotFound             : No mapping for GET /api/v1/ems/base/dispatch/instrument-usage
2026-08-03T23:21:14.947+08:00  WARN 2836 --- [flow-engine] [nio-8080-exec-7] o.s.web.servlet.PageNotFound             : No mapping for GET /api/v1/ems/base/dispatch/instrument-usage
2026-08-03T23:21:20.063+08:00  WARN 2836 --- [flow-engine] [nio-8080-exec-4] o.s.web.servlet.PageNotFound             : No mapping for GET /api/v1/ems/base/dispatch/instrument-usage
2026-08-03T23:21:23.556+08:00  WARN 2836 --- [flow-engine] [nio-8080-exec-2] o.s.web.servlet.PageNotFound             : No mapping for GET /api/v1/ems/base/dispatch/instrument-usage
2026-08-03T23:26:24.238+08:00  WARN 2836 --- [flow-engine] [nio-8080-exec-5] o.s.web.servlet.PageNotFound             : No mapping for GET /api/ems/dispatch/instrument-usage
2026-08-03T23:26:49.161+08:00  WARN 2836 --- [flow-engine] [nio-8080-exec-4] o.s.web.servlet.PageNotFound             : No mapping for GET /api/v1/ems/base/dispatch/instrument-usage
2026-08-03T23:27:06.880+08:00  WARN 2836 --- [flow-engine] [nio-8080-exec-9] o.s.web.servlet.PageNotFound             : No mapping for GET /api/ems/dispatch/instrument-usage
2026-08-03T23:28:33.429+08:00  WARN 2836 --- [flow-engine] [nio-8080-exec-5] o.s.web.servlet.PageNotFound             : No mapping for GET /api/v1/ems/base/dispatch/instrument-usage
[INFO] ------------------------------------------------------------------------
[INFO] BUILD FAILURE
[INFO] ------------------------------------------------------------------------
[INFO] Total time:  01:39 h
[INFO] Finished at: 2026-08-03T23:29:11+08:00
[INFO] ------------------------------------------------------------------------
[ERROR] Failed to execute goal org.springframework.boot:spring-boot-maven-plugin:3.2.0:run (default-cli) on project flow-engine: Process terminated with exit code: -1 -> [Help 1]
[ERROR] 
[ERROR] To see the full stack trace of the errors, re-run Maven with the -e switch.
[ERROR] Re-run Maven using the -X switch to enable full debug logging.
[ERROR] 
[ERROR] For more information about the errors and possible solutions, please read the following articles:
[ERROR] [Help 1] http://cwiki.apache.org/confluence/display/MAVEN/MojoExecutionException
