[INFO] Scanning for projects...
[INFO] 
[INFO] ------------------------< com.flow:flow-engine >------------------------
[INFO] Building flow-engine 1.0.0
[INFO]   from pom.xml
[INFO] --------------------------------[ jar ]---------------------------------
[INFO] 
[INFO] >>> spring-boot:3.2.0:run (default-cli) > test-compile @ flow-engine >>>
[INFO] 
[INFO] --- resources:3.3.1:resources (default-resources) @ flow-engine ---
[INFO] Copying 1 resource from src\main\resources to target\classes
[INFO] Copying 1 resource from src\main\resources to target\classes
[INFO] 
[INFO] --- compiler:3.11.0:compile (default-compile) @ flow-engine ---
[INFO] Changes detected - recompiling the module! :source
[INFO] Compiling 327 source files with javac [debug release 17] to target\classes
[INFO] /D:/source_code/workflow/flow-engine/src/main/java/com/flow/engine/controllers/EmsBaseDataController.java: 某些输入文件使用了未经检查或不安全的操作。
[INFO] /D:/source_code/workflow/flow-engine/src/main/java/com/flow/engine/controllers/EmsBaseDataController.java: 有关详细信息, 请使用 -Xlint:unchecked 重新编译。
[INFO] 
[INFO] --- resources:3.3.1:testResources (default-testResources) @ flow-engine ---
[INFO] Copying 1 resource from src\test\resources to target\test-classes
[INFO] 
[INFO] --- compiler:3.11.0:testCompile (default-testCompile) @ flow-engine ---
[INFO] Changes detected - recompiling the module! :dependency
[INFO] Compiling 36 source files with javac [debug release 17] to target\test-classes
[INFO] /D:/source_code/workflow/flow-engine/src/test/java/com/flow/engine/controller/TaskApiTest.java: D:\source_code\workflow\flow-engine\src\test\java\com\flow\engine\controller\TaskApiTest.java使用了未经检查或不安全的操作。
[INFO] /D:/source_code/workflow/flow-engine/src/test/java/com/flow/engine/controller/TaskApiTest.java: 有关详细信息, 请使用 -Xlint:unchecked 重新编译。
[INFO] 
[INFO] <<< spring-boot:3.2.0:run (default-cli) < test-compile @ flow-engine <<<
[INFO] 
[INFO] 
[INFO] --- spring-boot:3.2.0:run (default-cli) @ flow-engine ---
[INFO] Attaching agents: []

  .   ____          _            __ _ _
 /\\ / ___'_ __ _ _(_)_ __  __ _ \ \ \ \
( ( )\___ | '_ | '_| | '_ \/ _` | \ \ \ \
 \\/  ___)| |_)| | | | | || (_| |  ) ) ) )
  '  |____| .__|_| |_|_| |_\__, | / / / /
 =========|_|==============|___/=/_/_/_/
 :: Spring Boot ::                (v3.2.0)

2026-08-05T22:51:23.738+08:00  INFO 25872 --- [flow-engine] [           main] com.flow.engine.FlowEngineApplication    : Starting FlowEngineApplication using Java 17.0.12 with PID 25872 (D:\source_code\workflow\flow-engine\target\classes started by chengJin-huawei in D:\source_code\workflow\flow-engine)
2026-08-05T22:51:23.742+08:00  INFO 25872 --- [flow-engine] [           main] com.flow.engine.FlowEngineApplication    : No active profile set, falling back to 1 default profile: "default"
2026-08-05T22:51:26.203+08:00  INFO 25872 --- [flow-engine] [           main] o.s.b.w.embedded.tomcat.TomcatWebServer  : Tomcat initialized with port 8080 (http)
2026-08-05T22:51:26.217+08:00  INFO 25872 --- [flow-engine] [           main] o.apache.catalina.core.StandardService   : Starting service [Tomcat]
2026-08-05T22:51:26.217+08:00  INFO 25872 --- [flow-engine] [           main] o.apache.catalina.core.StandardEngine    : Starting Servlet engine: [Apache Tomcat/10.1.16]
2026-08-05T22:51:26.368+08:00  INFO 25872 --- [flow-engine] [           main] o.a.c.c.C.[Tomcat].[localhost].[/]       : Initializing Spring embedded WebApplicationContext
2026-08-05T22:51:26.369+08:00  INFO 25872 --- [flow-engine] [           main] w.s.c.ServletWebServerApplicationContext : Root WebApplicationContext: initialization completed in 2244 ms
2026-08-05T22:51:26.678+08:00  INFO 25872 --- [flow-engine] [           main] com.zaxxer.hikari.HikariDataSource       : HikariPool-1 - Starting...
2026-08-05T22:51:26.886+08:00  INFO 25872 --- [flow-engine] [           main] com.zaxxer.hikari.pool.HikariPool        : HikariPool-1 - Added connection org.sqlite.jdbc4.JDBC4Connection@29c244e
2026-08-05T22:51:26.888+08:00  INFO 25872 --- [flow-engine] [           main] com.zaxxer.hikari.HikariDataSource       : HikariPool-1 - Start completed.
 _ _   |_  _ _|_. ___ _ |    _ 
| | |\/|_)(_| | |_\  |_)||_|_\ 
     /               |         
                        3.5.5 
2026-08-05T22:51:29.216+08:00  INFO 25872 --- [flow-engine] [           main] c.f.e.node.NodeHandlerAutoConfiguration  : [NodeHandler] 自动注册节点处理器: type=dummy, class=com.flow.engine.node.DummyNodeHandler
2026-08-05T22:51:29.251+08:00  INFO 25872 --- [flow-engine] [           main] c.f.e.node.NodeHandlerAutoConfiguration  : [NodeHandler] 自动注册节点处理器: type=customDemo, class=com.flow.engine.node.impl.CustomDemoNodeHandler
2026-08-05T22:51:29.252+08:00  INFO 25872 --- [flow-engine] [           main] c.f.e.node.NodeHandlerAutoConfiguration  : [NodeHandler] 自动注册节点处理器: type=end, class=com.flow.engine.node.impl.EndNodeHandler
2026-08-05T22:51:29.252+08:00  INFO 25872 --- [flow-engine] [           main] c.f.e.node.NodeHandlerAutoConfiguration  : [NodeHandler] 自动注册节点处理器: type=exclusiveGateway, class=com.flow.engine.node.impl.ExclusiveGatewayNodeHandler
2026-08-05T22:51:29.252+08:00  INFO 25872 --- [flow-engine] [           main] c.f.e.node.NodeHandlerAutoConfiguration  : [NodeHandler] 自动注册节点处理器: type=inclusiveGateway, class=com.flow.engine.node.impl.InclusiveGatewayNodeHandler
2026-08-05T22:51:29.253+08:00  INFO 25872 --- [flow-engine] [           main] c.f.e.node.NodeHandlerAutoConfiguration  : [NodeHandler] 自动注册节点处理器: type=parallelGateway, class=com.flow.engine.node.impl.ParallelGatewayNodeHandler
2026-08-05T22:51:29.253+08:00  INFO 25872 --- [flow-engine] [           main] c.f.e.node.NodeHandlerAutoConfiguration  : [NodeHandler] 自动注册节点处理器: type=scriptTask, class=com.flow.engine.node.impl.ScriptTaskNodeHandler
2026-08-05T22:51:29.254+08:00  INFO 25872 --- [flow-engine] [           main] c.f.e.node.NodeHandlerAutoConfiguration  : [NodeHandler] 自动注册节点处理器: type=serviceTask, class=com.flow.engine.node.impl.ServiceTaskNodeHandler
2026-08-05T22:51:29.254+08:00  INFO 25872 --- [flow-engine] [           main] c.f.e.node.NodeHandlerAutoConfiguration  : [NodeHandler] 自动注册节点处理器: type=start, class=com.flow.engine.node.impl.StartNodeHandler
2026-08-05T22:51:29.254+08:00  INFO 25872 --- [flow-engine] [           main] c.f.e.node.NodeHandlerAutoConfiguration  : [NodeHandler] 自动注册节点处理器: type=subProcess, class=com.flow.engine.node.impl.SubProcessNodeHandler
2026-08-05T22:51:29.255+08:00  INFO 25872 --- [flow-engine] [           main] c.f.e.node.NodeHandlerAutoConfiguration  : [NodeHandler] 自动注册节点处理器: type=userTask, class=com.flow.engine.node.impl.UserTaskNodeHandler
2026-08-05T22:51:29.972+08:00  WARN 25872 --- [flow-engine] [           main] .b.a.g.t.GroovyTemplateAutoConfiguration : Cannot find template location: classpath:/templates/ (please add some templates, check your Groovy configuration, or set spring.groovy.template.check-template-location=false)
2026-08-05T22:51:30.360+08:00  INFO 25872 --- [flow-engine] [           main] o.s.b.a.e.web.EndpointLinksResolver      : Exposing 2 endpoint(s) beneath base path '/actuator'
2026-08-05T22:51:30.518+08:00  INFO 25872 --- [flow-engine] [           main] o.s.b.w.embedded.tomcat.TomcatWebServer  : Tomcat started on port 8080 (http) with context path ''
2026-08-05T22:51:30.536+08:00  INFO 25872 --- [flow-engine] [           main] com.flow.engine.FlowEngineApplication    : Started FlowEngineApplication in 7.23 seconds (process running for 7.708)
2026-08-05T22:51:30.591+08:00  INFO 25872 --- [flow-engine] [           main] c.f.engine.config.DictDataInitializer    : [DictDataInitializer] 开始初始化系统内置字典数据...
2026-08-05T22:51:30.883+08:00  INFO 25872 --- [flow-engine] [           main] c.f.engine.config.DictDataInitializer    : [DictDataInitializer] 系统内置字典数据初始化完成
2026-08-05T22:51:30.924+08:00  INFO 25872 --- [flow-engine] [           main] c.f.e.config.CustomerDataInitializer     : [CustomerDataInitializer] t_customer 已存在 100 条数据，跳过初始化
2026-08-05T22:51:30.925+08:00  INFO 25872 --- [flow-engine] [           main] c.f.e.config.TripleAdminInitializer      : [TripleAdminInitializer] 开始初始化三员账号...
2026-08-05T22:51:30.925+08:00  INFO 25872 --- [flow-engine] [           main] c.f.engine.service.TripleAdminService    : [TripleAdminService] 开始初始化三员账号...
2026-08-05T22:51:30.936+08:00  INFO 25872 --- [flow-engine] [           main] c.f.engine.service.TripleAdminService    : [TripleAdminService] 三员账号初始化完成
2026-08-05T22:51:30.936+08:00  INFO 25872 --- [flow-engine] [           main] c.f.e.config.TripleAdminInitializer      : [TripleAdminInitializer] 三员账号初始化完成
2026-08-05T22:51:30.937+08:00  INFO 25872 --- [flow-engine] [           main] c.f.e.config.EntrustDataInitializer      : [EntrustDataInitializer] t_entrust 已存在 100 条，跳过初始化
2026-08-05T22:51:30.939+08:00  INFO 25872 --- [flow-engine] [           main] c.f.e.config.PermissionDataInitializer   : [PermissionDataInitializer] 开始初始化权限数据...
2026-08-05T22:51:30.949+08:00  INFO 25872 --- [flow-engine] [           main] c.f.e.config.PermissionDataInitializer   : [PermissionDataInitializer] 权限数据已存在且完整，跳过初始化
2026-08-05T22:51:30.998+08:00  INFO 25872 --- [flow-engine] [           main] c.f.e.config.PermissionDataInitializer   : [PermissionDataInitializer] 权限数据初始化完成
2026-08-05T22:51:30.998+08:00  INFO 25872 --- [flow-engine] [           main] c.f.e.c.SamplingOrderDataInitializer     : [SamplingOrderDataInitializer] 为 1 条采样订单分配负责人...
2026-08-05T22:51:31.003+08:00  INFO 25872 --- [flow-engine] [           main] c.f.e.c.SamplingOrderDataInitializer     : [SamplingOrderDataInitializer] 负责人分配完成
2026-08-05T22:51:31.006+08:00  INFO 25872 --- [flow-engine] [           main] c.f.e.c.SampleParamConfigInitializer     : [采样参数配置] 已存在 20 条数据，跳过初始化
2026-08-05T22:52:54.944+08:00  INFO 25872 --- [flow-engine] [nio-8080-exec-2] o.a.c.c.C.[Tomcat].[localhost].[/]       : Initializing Spring DispatcherServlet 'dispatcherServlet'
2026-08-05T22:52:54.944+08:00  INFO 25872 --- [flow-engine] [nio-8080-exec-2] o.s.web.servlet.DispatcherServlet        : Initializing Servlet 'dispatcherServlet'
2026-08-05T22:52:54.947+08:00  INFO 25872 --- [flow-engine] [nio-8080-exec-2] o.s.web.servlet.DispatcherServlet        : Completed initialization in 2 ms
2026-08-06T01:51:35.739+08:00  WARN 25872 --- [flow-engine] [l-1 housekeeper] com.zaxxer.hikari.pool.HikariPool        : HikariPool-1 - Thread starvation or clock leap detected (housekeeper delta=1h59m7s703ms821?s200ns).
2026-08-06T19:14:00.628+08:00  WARN 25872 --- [flow-engine] [l-1 housekeeper] com.zaxxer.hikari.pool.HikariPool        : HikariPool-1 - Thread starvation or clock leap detected (housekeeper delta=17h19m58s812ms960?s400ns).
2026-08-06T20:03:14.397+08:00 ERROR 25872 --- [flow-engine] [nio-8080-exec-1] c.f.e.common.GlobalExceptionHandler      : 系统异常: Request method 'POST' is not supported

org.springframework.web.HttpRequestMethodNotSupportedException: Request method 'POST' is not supported
	at org.springframework.web.servlet.mvc.method.RequestMappingInfoHandlerMapping.handleNoMatch(RequestMappingInfoHandlerMapping.java:265) ~[spring-webmvc-6.1.1.jar:6.1.1]
	at org.springframework.web.servlet.handler.AbstractHandlerMethodMapping.lookupHandlerMethod(AbstractHandlerMethodMapping.java:441) ~[spring-webmvc-6.1.1.jar:6.1.1]
	at org.springframework.web.servlet.handler.AbstractHandlerMethodMapping.getHandlerInternal(AbstractHandlerMethodMapping.java:382) ~[spring-webmvc-6.1.1.jar:6.1.1]
	at org.springframework.web.servlet.mvc.method.RequestMappingInfoHandlerMapping.getHandlerInternal(RequestMappingInfoHandlerMapping.java:126) ~[spring-webmvc-6.1.1.jar:6.1.1]
	at org.springframework.web.servlet.mvc.method.RequestMappingInfoHandlerMapping.getHandlerInternal(RequestMappingInfoHandlerMapping.java:68) ~[spring-webmvc-6.1.1.jar:6.1.1]
	at org.springframework.web.servlet.handler.AbstractHandlerMapping.getHandler(AbstractHandlerMapping.java:507) ~[spring-webmvc-6.1.1.jar:6.1.1]
	at org.springframework.web.servlet.DispatcherServlet.getHandler(DispatcherServlet.java:1283) ~[spring-webmvc-6.1.1.jar:6.1.1]
	at org.springframework.web.servlet.DispatcherServlet.doDispatch(DispatcherServlet.java:1065) ~[spring-webmvc-6.1.1.jar:6.1.1]
	at org.springframework.web.servlet.DispatcherServlet.doService(DispatcherServlet.java:979) ~[spring-webmvc-6.1.1.jar:6.1.1]
	at org.springframework.web.servlet.FrameworkServlet.processRequest(FrameworkServlet.java:1014) ~[spring-webmvc-6.1.1.jar:6.1.1]
	at org.springframework.web.servlet.FrameworkServlet.doPost(FrameworkServlet.java:914) ~[spring-webmvc-6.1.1.jar:6.1.1]
	at jakarta.servlet.http.HttpServlet.service(HttpServlet.java:590) ~[tomcat-embed-core-10.1.16.jar:6.0]
	at org.springframework.web.servlet.FrameworkServlet.service(FrameworkServlet.java:885) ~[spring-webmvc-6.1.1.jar:6.1.1]
	at jakarta.servlet.http.HttpServlet.service(HttpServlet.java:658) ~[tomcat-embed-core-10.1.16.jar:6.0]
	at org.apache.catalina.core.ApplicationFilterChain.internalDoFilter(ApplicationFilterChain.java:205) ~[tomcat-embed-core-10.1.16.jar:10.1.16]
	at org.apache.catalina.core.ApplicationFilterChain.doFilter(ApplicationFilterChain.java:149) ~[tomcat-embed-core-10.1.16.jar:10.1.16]
	at org.apache.tomcat.websocket.server.WsFilter.doFilter(WsFilter.java:51) ~[tomcat-embed-websocket-10.1.16.jar:10.1.16]
	at org.apache.catalina.core.ApplicationFilterChain.internalDoFilter(ApplicationFilterChain.java:174) ~[tomcat-embed-core-10.1.16.jar:10.1.16]
	at org.apache.catalina.core.ApplicationFilterChain.doFilter(ApplicationFilterChain.java:149) ~[tomcat-embed-core-10.1.16.jar:10.1.16]
	at org.springframework.web.filter.RequestContextFilter.doFilterInternal(RequestContextFilter.java:100) ~[spring-web-6.1.1.jar:6.1.1]
	at org.springframework.web.filter.OncePerRequestFilter.doFilter(OncePerRequestFilter.java:116) ~[spring-web-6.1.1.jar:6.1.1]
	at org.apache.catalina.core.ApplicationFilterChain.internalDoFilter(ApplicationFilterChain.java:174) ~[tomcat-embed-core-10.1.16.jar:10.1.16]
	at org.apache.catalina.core.ApplicationFilterChain.doFilter(ApplicationFilterChain.java:149) ~[tomcat-embed-core-10.1.16.jar:10.1.16]
	at org.springframework.web.filter.FormContentFilter.doFilterInternal(FormContentFilter.java:93) ~[spring-web-6.1.1.jar:6.1.1]
	at org.springframework.web.filter.OncePerRequestFilter.doFilter(OncePerRequestFilter.java:116) ~[spring-web-6.1.1.jar:6.1.1]
	at org.apache.catalina.core.ApplicationFilterChain.internalDoFilter(ApplicationFilterChain.java:174) ~[tomcat-embed-core-10.1.16.jar:10.1.16]
	at org.apache.catalina.core.ApplicationFilterChain.doFilter(ApplicationFilterChain.java:149) ~[tomcat-embed-core-10.1.16.jar:10.1.16]
	at org.springframework.web.filter.ServerHttpObservationFilter.doFilterInternal(ServerHttpObservationFilter.java:109) ~[spring-web-6.1.1.jar:6.1.1]
	at org.springframework.web.filter.OncePerRequestFilter.doFilter(OncePerRequestFilter.java:116) ~[spring-web-6.1.1.jar:6.1.1]
	at org.apache.catalina.core.ApplicationFilterChain.internalDoFilter(ApplicationFilterChain.java:174) ~[tomcat-embed-core-10.1.16.jar:10.1.16]
	at org.apache.catalina.core.ApplicationFilterChain.doFilter(ApplicationFilterChain.java:149) ~[tomcat-embed-core-10.1.16.jar:10.1.16]
	at org.springframework.web.filter.CharacterEncodingFilter.doFilterInternal(CharacterEncodingFilter.java:201) ~[spring-web-6.1.1.jar:6.1.1]
	at org.springframework.web.filter.OncePerRequestFilter.doFilter(OncePerRequestFilter.java:116) ~[spring-web-6.1.1.jar:6.1.1]
	at org.apache.catalina.core.ApplicationFilterChain.internalDoFilter(ApplicationFilterChain.java:174) ~[tomcat-embed-core-10.1.16.jar:10.1.16]
	at org.apache.catalina.core.ApplicationFilterChain.doFilter(ApplicationFilterChain.java:149) ~[tomcat-embed-core-10.1.16.jar:10.1.16]
	at com.flow.engine.common.RequestIdFilter.doFilterInternal(RequestIdFilter.java:40) ~[classes/:na]
	at org.springframework.web.filter.OncePerRequestFilter.doFilter(OncePerRequestFilter.java:116) ~[spring-web-6.1.1.jar:6.1.1]
	at org.apache.catalina.core.ApplicationFilterChain.internalDoFilter(ApplicationFilterChain.java:174) ~[tomcat-embed-core-10.1.16.jar:10.1.16]
	at org.apache.catalina.core.ApplicationFilterChain.doFilter(ApplicationFilterChain.java:149) ~[tomcat-embed-core-10.1.16.jar:10.1.16]
	at org.apache.catalina.core.StandardWrapperValve.invoke(StandardWrapperValve.java:167) ~[tomcat-embed-core-10.1.16.jar:10.1.16]
	at org.apache.catalina.core.StandardContextValve.invoke(StandardContextValve.java:90) ~[tomcat-embed-core-10.1.16.jar:10.1.16]
	at org.apache.catalina.authenticator.AuthenticatorBase.invoke(AuthenticatorBase.java:482) ~[tomcat-embed-core-10.1.16.jar:10.1.16]
	at org.apache.catalina.core.StandardHostValve.invoke(StandardHostValve.java:115) ~[tomcat-embed-core-10.1.16.jar:10.1.16]
	at org.apache.catalina.valves.ErrorReportValve.invoke(ErrorReportValve.java:93) ~[tomcat-embed-core-10.1.16.jar:10.1.16]
	at org.apache.catalina.core.StandardEngineValve.invoke(StandardEngineValve.java:74) ~[tomcat-embed-core-10.1.16.jar:10.1.16]
	at org.apache.catalina.connector.CoyoteAdapter.service(CoyoteAdapter.java:340) ~[tomcat-embed-core-10.1.16.jar:10.1.16]
	at org.apache.coyote.http11.Http11Processor.service(Http11Processor.java:391) ~[tomcat-embed-core-10.1.16.jar:10.1.16]
	at org.apache.coyote.AbstractProcessorLight.process(AbstractProcessorLight.java:63) ~[tomcat-embed-core-10.1.16.jar:10.1.16]
	at org.apache.coyote.AbstractProtocol$ConnectionHandler.process(AbstractProtocol.java:896) ~[tomcat-embed-core-10.1.16.jar:10.1.16]
	at org.apache.tomcat.util.net.NioEndpoint$SocketProcessor.doRun(NioEndpoint.java:1744) ~[tomcat-embed-core-10.1.16.jar:10.1.16]
	at org.apache.tomcat.util.net.SocketProcessorBase.run(SocketProcessorBase.java:52) ~[tomcat-embed-core-10.1.16.jar:10.1.16]
	at org.apache.tomcat.util.threads.ThreadPoolExecutor.runWorker(ThreadPoolExecutor.java:1191) ~[tomcat-embed-core-10.1.16.jar:10.1.16]
	at org.apache.tomcat.util.threads.ThreadPoolExecutor$Worker.run(ThreadPoolExecutor.java:659) ~[tomcat-embed-core-10.1.16.jar:10.1.16]
	at org.apache.tomcat.util.threads.TaskThread$WrappingRunnable.run(TaskThread.java:61) ~[tomcat-embed-core-10.1.16.jar:10.1.16]
	at java.base/java.lang.Thread.run(Thread.java:842) ~[na:na]

