[INFO] Scanning for projects...
[INFO] 
[INFO] ------------------------< com.flow:flow-engine >------------------------
[INFO] Building flow-engine 1.0.0
[INFO]   from pom.xml
[INFO] --------------------------------[ jar ]---------------------------------
[INFO] 
[INFO] >>> spring-boot:3.2.0:run (default-cli) > test-compile @ flow-engine >>>
[INFO] 
[INFO] --- resources:3.3.1:resources (default-resources) @ flow-engine ---
[INFO] Copying 1 resource from src\main\resources to target\classes
[INFO] Copying 1 resource from src\main\resources to target\classes
[INFO] 
[INFO] --- compiler:3.11.0:compile (default-compile) @ flow-engine ---
[INFO] Changes detected - recompiling the module! :source
[INFO] Compiling 318 source files with javac [debug release 17] to target\classes
[INFO] /D:/source_code/workflow/flow-engine/src/main/java/com/flow/engine/controllers/EmsBaseDataController.java: 某些输入文件使用了未经检查或不安全的操作。
[INFO] /D:/source_code/workflow/flow-engine/src/main/java/com/flow/engine/controllers/EmsBaseDataController.java: 有关详细信息, 请使用 -Xlint:unchecked 重新编译。
[INFO] 
[INFO] --- resources:3.3.1:testResources (default-testResources) @ flow-engine ---
[INFO] Copying 1 resource from src\test\resources to target\test-classes
[INFO] 
[INFO] --- compiler:3.11.0:testCompile (default-testCompile) @ flow-engine ---
[INFO] Changes detected - recompiling the module! :dependency
[INFO] Compiling 36 source files with javac [debug release 17] to target\test-classes
[INFO] /D:/source_code/workflow/flow-engine/src/test/java/com/flow/engine/controller/TaskApiTest.java: D:\source_code\workflow\flow-engine\src\test\java\com\flow\engine\controller\TaskApiTest.java使用了未经检查或不安全的操作。
[INFO] /D:/source_code/workflow/flow-engine/src/test/java/com/flow/engine/controller/TaskApiTest.java: 有关详细信息, 请使用 -Xlint:unchecked 重新编译。
[INFO] 
[INFO] <<< spring-boot:3.2.0:run (default-cli) < test-compile @ flow-engine <<<
[INFO] 
[INFO] 
[INFO] --- spring-boot:3.2.0:run (default-cli) @ flow-engine ---
[INFO] Attaching agents: []

  .   ____          _            __ _ _
 /\\ / ___'_ __ _ _(_)_ __  __ _ \ \ \ \
( ( )\___ | '_ | '_| | '_ \/ _` | \ \ \ \
 \\/  ___)| |_)| | | | | || (_| |  ) ) ) )
  '  |____| .__|_| |_|_| |_\__, | / / / /
 =========|_|==============|___/=/_/_/_/
 :: Spring Boot ::                (v3.2.0)

2026-08-04T21:43:59.263+08:00  INFO 13964 --- [flow-engine] [           main] com.flow.engine.FlowEngineApplication    : Starting FlowEngineApplication using Java 17.0.12 with PID 13964 (D:\source_code\workflow\flow-engine\target\classes started by chengJin-huawei in D:\source_code\workflow\flow-engine)
2026-08-04T21:43:59.266+08:00  INFO 13964 --- [flow-engine] [           main] com.flow.engine.FlowEngineApplication    : No active profile set, falling back to 1 default profile: "default"
2026-08-04T21:44:01.005+08:00  INFO 13964 --- [flow-engine] [           main] o.s.b.w.embedded.tomcat.TomcatWebServer  : Tomcat initialized with port 8080 (http)
2026-08-04T21:44:01.015+08:00  INFO 13964 --- [flow-engine] [           main] o.apache.catalina.core.StandardService   : Starting service [Tomcat]
2026-08-04T21:44:01.016+08:00  INFO 13964 --- [flow-engine] [           main] o.apache.catalina.core.StandardEngine    : Starting Servlet engine: [Apache Tomcat/10.1.16]
2026-08-04T21:44:01.075+08:00  INFO 13964 --- [flow-engine] [           main] o.a.c.c.C.[Tomcat].[localhost].[/]       : Initializing Spring embedded WebApplicationContext
2026-08-04T21:44:01.075+08:00  INFO 13964 --- [flow-engine] [           main] w.s.c.ServletWebServerApplicationContext : Root WebApplicationContext: initialization completed in 1544 ms
2026-08-04T21:44:01.296+08:00  INFO 13964 --- [flow-engine] [           main] com.zaxxer.hikari.HikariDataSource       : HikariPool-1 - Starting...
2026-08-04T21:44:01.477+08:00  INFO 13964 --- [flow-engine] [           main] com.zaxxer.hikari.pool.HikariPool        : HikariPool-1 - Added connection org.sqlite.jdbc4.JDBC4Connection@22e813fc
2026-08-04T21:44:01.480+08:00  INFO 13964 --- [flow-engine] [           main] com.zaxxer.hikari.HikariDataSource       : HikariPool-1 - Start completed.
 _ _   |_  _ _|_. ___ _ |    _ 
| | |\/|_)(_| | |_\  |_)||_|_\ 
     /               |         
                        3.5.5 
2026-08-04T21:44:03.270+08:00  INFO 13964 --- [flow-engine] [           main] c.f.e.node.NodeHandlerAutoConfiguration  : [NodeHandler] 自动注册节点处理器: type=dummy, class=com.flow.engine.node.DummyNodeHandler
2026-08-04T21:44:03.280+08:00  INFO 13964 --- [flow-engine] [           main] c.f.e.node.NodeHandlerAutoConfiguration  : [NodeHandler] 自动注册节点处理器: type=customDemo, class=com.flow.engine.node.impl.CustomDemoNodeHandler
2026-08-04T21:44:03.280+08:00  INFO 13964 --- [flow-engine] [           main] c.f.e.node.NodeHandlerAutoConfiguration  : [NodeHandler] 自动注册节点处理器: type=end, class=com.flow.engine.node.impl.EndNodeHandler
2026-08-04T21:44:03.281+08:00  INFO 13964 --- [flow-engine] [           main] c.f.e.node.NodeHandlerAutoConfiguration  : [NodeHandler] 自动注册节点处理器: type=exclusiveGateway, class=com.flow.engine.node.impl.ExclusiveGatewayNodeHandler
2026-08-04T21:44:03.281+08:00  INFO 13964 --- [flow-engine] [           main] c.f.e.node.NodeHandlerAutoConfiguration  : [NodeHandler] 自动注册节点处理器: type=inclusiveGateway, class=com.flow.engine.node.impl.InclusiveGatewayNodeHandler
2026-08-04T21:44:03.281+08:00  INFO 13964 --- [flow-engine] [           main] c.f.e.node.NodeHandlerAutoConfiguration  : [NodeHandler] 自动注册节点处理器: type=parallelGateway, class=com.flow.engine.node.impl.ParallelGatewayNodeHandler
2026-08-04T21:44:03.281+08:00  INFO 13964 --- [flow-engine] [           main] c.f.e.node.NodeHandlerAutoConfiguration  : [NodeHandler] 自动注册节点处理器: type=scriptTask, class=com.flow.engine.node.impl.ScriptTaskNodeHandler
2026-08-04T21:44:03.282+08:00  INFO 13964 --- [flow-engine] [           main] c.f.e.node.NodeHandlerAutoConfiguration  : [NodeHandler] 自动注册节点处理器: type=serviceTask, class=com.flow.engine.node.impl.ServiceTaskNodeHandler
2026-08-04T21:44:03.282+08:00  INFO 13964 --- [flow-engine] [           main] c.f.e.node.NodeHandlerAutoConfiguration  : [NodeHandler] 自动注册节点处理器: type=start, class=com.flow.engine.node.impl.StartNodeHandler
2026-08-04T21:44:03.282+08:00  INFO 13964 --- [flow-engine] [           main] c.f.e.node.NodeHandlerAutoConfiguration  : [NodeHandler] 自动注册节点处理器: type=subProcess, class=com.flow.engine.node.impl.SubProcessNodeHandler
2026-08-04T21:44:03.283+08:00  INFO 13964 --- [flow-engine] [           main] c.f.e.node.NodeHandlerAutoConfiguration  : [NodeHandler] 自动注册节点处理器: type=userTask, class=com.flow.engine.node.impl.UserTaskNodeHandler
2026-08-04T21:44:03.784+08:00  WARN 13964 --- [flow-engine] [           main] .b.a.g.t.GroovyTemplateAutoConfiguration : Cannot find template location: classpath:/templates/ (please add some templates, check your Groovy configuration, or set spring.groovy.template.check-template-location=false)
2026-08-04T21:44:04.075+08:00  INFO 13964 --- [flow-engine] [           main] o.s.b.a.e.web.EndpointLinksResolver      : Exposing 2 endpoint(s) beneath base path '/actuator'
2026-08-04T21:44:04.188+08:00  INFO 13964 --- [flow-engine] [           main] o.s.b.w.embedded.tomcat.TomcatWebServer  : Tomcat started on port 8080 (http) with context path ''
2026-08-04T21:44:04.200+08:00  INFO 13964 --- [flow-engine] [           main] com.flow.engine.FlowEngineApplication    : Started FlowEngineApplication in 5.288 seconds (process running for 5.591)
2026-08-04T21:44:04.235+08:00  INFO 13964 --- [flow-engine] [           main] c.f.engine.config.DictDataInitializer    : [DictDataInitializer] 开始初始化系统内置字典数据...
2026-08-04T21:44:04.462+08:00  INFO 13964 --- [flow-engine] [           main] c.f.engine.config.DictDataInitializer    : [DictDataInitializer] 系统内置字典数据初始化完成
2026-08-04T21:44:04.477+08:00  INFO 13964 --- [flow-engine] [           main] c.f.e.config.CustomerDataInitializer     : [CustomerDataInitializer] t_customer 已存在 100 条数据，跳过初始化
2026-08-04T21:44:04.477+08:00  INFO 13964 --- [flow-engine] [           main] c.f.e.config.TripleAdminInitializer      : [TripleAdminInitializer] 开始初始化三员账号...
2026-08-04T21:44:04.477+08:00  INFO 13964 --- [flow-engine] [           main] c.f.engine.service.TripleAdminService    : [TripleAdminService] 开始初始化三员账号...
2026-08-04T21:44:04.487+08:00  INFO 13964 --- [flow-engine] [           main] c.f.engine.service.TripleAdminService    : [TripleAdminService] 三员账号初始化完成
2026-08-04T21:44:04.487+08:00  INFO 13964 --- [flow-engine] [           main] c.f.e.config.TripleAdminInitializer      : [TripleAdminInitializer] 三员账号初始化完成
2026-08-04T21:44:04.488+08:00  INFO 13964 --- [flow-engine] [           main] c.f.e.config.EntrustDataInitializer      : [EntrustDataInitializer] t_entrust 已存在 100 条，跳过初始化
2026-08-04T21:44:04.488+08:00  INFO 13964 --- [flow-engine] [           main] c.f.e.config.PermissionDataInitializer   : [PermissionDataInitializer] 开始初始化权限数据...
2026-08-04T21:44:04.496+08:00  INFO 13964 --- [flow-engine] [           main] c.f.e.config.PermissionDataInitializer   : [PermissionDataInitializer] 权限数据已存在且完整，跳过初始化
2026-08-04T21:44:04.531+08:00  INFO 13964 --- [flow-engine] [           main] c.f.e.config.PermissionDataInitializer   : [PermissionDataInitializer] 权限数据初始化完成
2026-08-04T21:44:04.531+08:00  INFO 13964 --- [flow-engine] [           main] c.f.e.c.SamplingOrderDataInitializer     : [SamplingOrderDataInitializer] 采样订单负责人均已分配，跳过
2026-08-04T21:44:05.940+08:00  INFO 13964 --- [flow-engine] [nio-8080-exec-1] o.a.c.c.C.[Tomcat].[localhost].[/]       : Initializing Spring DispatcherServlet 'dispatcherServlet'
2026-08-04T21:44:05.951+08:00  INFO 13964 --- [flow-engine] [nio-8080-exec-1] o.s.web.servlet.DispatcherServlet        : Initializing Servlet 'dispatcherServlet'
2026-08-04T21:44:05.952+08:00  INFO 13964 --- [flow-engine] [nio-8080-exec-1] o.s.web.servlet.DispatcherServlet        : Completed initialization in 1 ms
2026-08-04T21:45:01.133+08:00  INFO 13964 --- [flow-engine] [nio-8080-exec-7] c.f.e.service.FormDefinitionService      : 更新表单定义: formKey=hazardous_inbound
2026-08-04T21:47:16.454+08:00  INFO 13964 --- [flow-engine] [io-8080-exec-10] c.f.e.service.FormDefinitionService      : 更新表单定义: formKey=hazardous_inbound
2026-08-04T21:54:47.066+08:00  INFO 13964 --- [flow-engine] [nio-8080-exec-1] com.flow.engine.service.AuthService      : 用户登录: username=sys_admin, token=a2d0a94dece64c8f9c0b3c7149a9bdab
[INFO] ------------------------------------------------------------------------
[INFO] BUILD FAILURE
[INFO] ------------------------------------------------------------------------
[INFO] Total time:  14:22 min
[INFO] Finished at: 2026-08-04T21:58:06+08:00
[INFO] ------------------------------------------------------------------------
[ERROR] Failed to execute goal org.springframework.boot:spring-boot-maven-plugin:3.2.0:run (default-cli) on project flow-engine: Process terminated with exit code: 1 -> [Help 1]
[ERROR] 
[ERROR] To see the full stack trace of the errors, re-run Maven with the -e switch.
[ERROR] Re-run Maven using the -X switch to enable full debug logging.
[ERROR] 
[ERROR] For more information about the errors and possible solutions, please read the following articles:
[ERROR] [Help 1] http://cwiki.apache.org/confluence/display/MAVEN/MojoExecutionException
