[INFO] Scanning for projects...
[INFO] 
[INFO] ------------------------< com.flow:flow-engine >------------------------
[INFO] Building flow-engine 1.0.0
[INFO]   from pom.xml
[INFO] --------------------------------[ jar ]---------------------------------
[INFO] 
[INFO] >>> spring-boot:3.2.0:run (default-cli) > test-compile @ flow-engine >>>
[INFO] 
[INFO] --- resources:3.3.1:resources (default-resources) @ flow-engine ---
[INFO] Copying 1 resource from src\main\resources to target\classes
[INFO] Copying 1 resource from src\main\resources to target\classes
[INFO] 
[INFO] --- compiler:3.11.0:compile (default-compile) @ flow-engine ---
[INFO] Changes detected - recompiling the module! :source
[INFO] Compiling 319 source files with javac [debug release 17] to target\classes
[INFO] /d:/source_code/workflow/flow-engine/src/main/java/com/flow/engine/common/utils/ExpressionUtils.java: 某些输入文件使用了未经检查或不安全的操作。
[INFO] /d:/source_code/workflow/flow-engine/src/main/java/com/flow/engine/common/utils/ExpressionUtils.java: 有关详细信息, 请使用 -Xlint:unchecked 重新编译。
[INFO] 
[INFO] --- resources:3.3.1:testResources (default-testResources) @ flow-engine ---
[INFO] Copying 1 resource from src\test\resources to target\test-classes
[INFO] 
[INFO] --- compiler:3.11.0:testCompile (default-testCompile) @ flow-engine ---
[INFO] Changes detected - recompiling the module! :dependency
[INFO] Compiling 36 source files with javac [debug release 17] to target\test-classes
[INFO] /d:/source_code/workflow/flow-engine/src/test/java/com/flow/engine/controller/TaskApiTest.java: d:\source_code\workflow\flow-engine\src\test\java\com\flow\engine\controller\TaskApiTest.java使用了未经检查或不安全的操作。
[INFO] /d:/source_code/workflow/flow-engine/src/test/java/com/flow/engine/controller/TaskApiTest.java: 有关详细信息, 请使用 -Xlint:unchecked 重新编译。
[INFO] 
[INFO] <<< spring-boot:3.2.0:run (default-cli) < test-compile @ flow-engine <<<
[INFO] 
[INFO] 
[INFO] --- spring-boot:3.2.0:run (default-cli) @ flow-engine ---
[INFO] Attaching agents: []

  .   ____          _            __ _ _
 /\\ / ___'_ __ _ _(_)_ __  __ _ \ \ \ \
( ( )\___ | '_ | '_| | '_ \/ _` | \ \ \ \
 \\/  ___)| |_)| | | | | || (_| |  ) ) ) )
  '  |____| .__|_| |_|_| |_\__, | / / / /
 =========|_|==============|___/=/_/_/_/
 :: Spring Boot ::                (v3.2.0)

2026-08-04T23:15:58.843+08:00  INFO 29852 --- [flow-engine] [           main] com.flow.engine.FlowEngineApplication    : Starting FlowEngineApplication using Java 17.0.12 with PID 29852 (D:\source_code\workflow\flow-engine\target\classes started by chengJin-huawei in d:\source_code\workflow\flow-engine)
2026-08-04T23:15:58.846+08:00  INFO 29852 --- [flow-engine] [           main] com.flow.engine.FlowEngineApplication    : No active profile set, falling back to 1 default profile: "default"
2026-08-04T23:16:00.460+08:00  INFO 29852 --- [flow-engine] [           main] o.s.b.w.embedded.tomcat.TomcatWebServer  : Tomcat initialized with port 8080 (http)
2026-08-04T23:16:00.468+08:00  INFO 29852 --- [flow-engine] [           main] o.apache.catalina.core.StandardService   : Starting service [Tomcat]
2026-08-04T23:16:00.468+08:00  INFO 29852 --- [flow-engine] [           main] o.apache.catalina.core.StandardEngine    : Starting Servlet engine: [Apache Tomcat/10.1.16]
2026-08-04T23:16:00.538+08:00  INFO 29852 --- [flow-engine] [           main] o.a.c.c.C.[Tomcat].[localhost].[/]       : Initializing Spring embedded WebApplicationContext
2026-08-04T23:16:00.539+08:00  INFO 29852 --- [flow-engine] [           main] w.s.c.ServletWebServerApplicationContext : Root WebApplicationContext: initialization completed in 1440 ms
2026-08-04T23:16:00.765+08:00  INFO 29852 --- [flow-engine] [           main] com.zaxxer.hikari.HikariDataSource       : HikariPool-1 - Starting...
2026-08-04T23:16:00.920+08:00  INFO 29852 --- [flow-engine] [           main] com.zaxxer.hikari.pool.HikariPool        : HikariPool-1 - Added connection org.sqlite.jdbc4.JDBC4Connection@6c2883b1
2026-08-04T23:16:00.921+08:00  INFO 29852 --- [flow-engine] [           main] com.zaxxer.hikari.HikariDataSource       : HikariPool-1 - Start completed.
 _ _   |_  _ _|_. ___ _ |    _ 
| | |\/|_)(_| | |_\  |_)||_|_\ 
     /               |         
                        3.5.5 
2026-08-04T23:16:02.592+08:00  INFO 29852 --- [flow-engine] [           main] c.f.e.node.NodeHandlerAutoConfiguration  : [NodeHandler] 自动注册节点处理器: type=dummy, class=com.flow.engine.node.DummyNodeHandler
2026-08-04T23:16:02.592+08:00  INFO 29852 --- [flow-engine] [           main] c.f.e.node.NodeHandlerAutoConfiguration  : [NodeHandler] 自动注册节点处理器: type=customDemo, class=com.flow.engine.node.impl.CustomDemoNodeHandler
2026-08-04T23:16:02.593+08:00  INFO 29852 --- [flow-engine] [           main] c.f.e.node.NodeHandlerAutoConfiguration  : [NodeHandler] 自动注册节点处理器: type=end, class=com.flow.engine.node.impl.EndNodeHandler
2026-08-04T23:16:02.594+08:00  INFO 29852 --- [flow-engine] [           main] c.f.e.node.NodeHandlerAutoConfiguration  : [NodeHandler] 自动注册节点处理器: type=exclusiveGateway, class=com.flow.engine.node.impl.ExclusiveGatewayNodeHandler
2026-08-04T23:16:02.594+08:00  INFO 29852 --- [flow-engine] [           main] c.f.e.node.NodeHandlerAutoConfiguration  : [NodeHandler] 自动注册节点处理器: type=inclusiveGateway, class=com.flow.engine.node.impl.InclusiveGatewayNodeHandler
2026-08-04T23:16:02.594+08:00  INFO 29852 --- [flow-engine] [           main] c.f.e.node.NodeHandlerAutoConfiguration  : [NodeHandler] 自动注册节点处理器: type=parallelGateway, class=com.flow.engine.node.impl.ParallelGatewayNodeHandler
2026-08-04T23:16:02.594+08:00  INFO 29852 --- [flow-engine] [           main] c.f.e.node.NodeHandlerAutoConfiguration  : [NodeHandler] 自动注册节点处理器: type=scriptTask, class=com.flow.engine.node.impl.ScriptTaskNodeHandler
2026-08-04T23:16:02.594+08:00  INFO 29852 --- [flow-engine] [           main] c.f.e.node.NodeHandlerAutoConfiguration  : [NodeHandler] 自动注册节点处理器: type=serviceTask, class=com.flow.engine.node.impl.ServiceTaskNodeHandler
2026-08-04T23:16:02.594+08:00  INFO 29852 --- [flow-engine] [           main] c.f.e.node.NodeHandlerAutoConfiguration  : [NodeHandler] 自动注册节点处理器: type=start, class=com.flow.engine.node.impl.StartNodeHandler
2026-08-04T23:16:02.594+08:00  INFO 29852 --- [flow-engine] [           main] c.f.e.node.NodeHandlerAutoConfiguration  : [NodeHandler] 自动注册节点处理器: type=subProcess, class=com.flow.engine.node.impl.SubProcessNodeHandler
2026-08-04T23:16:02.594+08:00  INFO 29852 --- [flow-engine] [           main] c.f.e.node.NodeHandlerAutoConfiguration  : [NodeHandler] 自动注册节点处理器: type=userTask, class=com.flow.engine.node.impl.UserTaskNodeHandler
2026-08-04T23:16:03.076+08:00  WARN 29852 --- [flow-engine] [           main] .b.a.g.t.GroovyTemplateAutoConfiguration : Cannot find template location: classpath:/templates/ (please add some templates, check your Groovy configuration, or set spring.groovy.template.check-template-location=false)
2026-08-04T23:16:03.342+08:00  INFO 29852 --- [flow-engine] [           main] o.s.b.a.e.web.EndpointLinksResolver      : Exposing 2 endpoint(s) beneath base path '/actuator'
2026-08-04T23:16:03.433+08:00  WARN 29852 --- [flow-engine] [           main] ConfigServletWebServerApplicationContext : Exception encountered during context initialization - cancelling refresh attempt: org.springframework.context.ApplicationContextException: Failed to start bean 'webServerStartStop'
2026-08-04T23:16:03.440+08:00  INFO 29852 --- [flow-engine] [           main] com.zaxxer.hikari.HikariDataSource       : HikariPool-1 - Shutdown initiated...
2026-08-04T23:16:03.441+08:00  INFO 29852 --- [flow-engine] [           main] com.zaxxer.hikari.HikariDataSource       : HikariPool-1 - Shutdown completed.
2026-08-04T23:16:03.453+08:00  INFO 29852 --- [flow-engine] [           main] .s.b.a.l.ConditionEvaluationReportLogger : 

Error starting ApplicationContext. To display the condition evaluation report re-run your application with 'debug' enabled.
2026-08-04T23:16:03.466+08:00 ERROR 29852 --- [flow-engine] [           main] o.s.b.d.LoggingFailureAnalysisReporter   : 

***************************
APPLICATION FAILED TO START
***************************

Description:

Web server failed to start. Port 8080 was already in use.

Action:

Identify and stop the process that's listening on port 8080 or configure this application to listen on another port.

[INFO] ------------------------------------------------------------------------
[INFO] BUILD FAILURE
[INFO] ------------------------------------------------------------------------
[INFO] Total time:  19.122 s
[INFO] Finished at: 2026-08-04T23:16:03+08:00
[INFO] ------------------------------------------------------------------------
[ERROR] Failed to execute goal org.springframework.boot:spring-boot-maven-plugin:3.2.0:run (default-cli) on project flow-engine: Process terminated with exit code: 1 -> [Help 1]
[ERROR] 
[ERROR] To see the full stack trace of the errors, re-run Maven with the -e switch.
[ERROR] Re-run Maven using the -X switch to enable full debug logging.
[ERROR] 
[ERROR] For more information about the errors and possible solutions, please read the following articles:
[ERROR] [Help 1] http://cwiki.apache.org/confluence/display/MAVEN/MojoExecutionException
