npm WARN EBADENGINE Unsupported engine {
npm WARN EBADENGINE   package: '@vitejs/plugin-vue@5.2.4',
npm WARN EBADENGINE   required: { node: '^18.0.0 || >=20.0.0' },
npm WARN EBADENGINE   current: { node: 'v16.20.2', npm: '8.19.4' }
npm WARN EBADENGINE }
npm WARN EBADENGINE Unsupported engine {
npm WARN EBADENGINE   package: 'rollup@4.62.2',
npm WARN EBADENGINE   required: { node: '>=18.0.0', npm: '>=8.0.0' },
npm WARN EBADENGINE   current: { node: 'v16.20.2', npm: '8.19.4' }
npm WARN EBADENGINE }
npm WARN EBADENGINE Unsupported engine {
npm WARN EBADENGINE   package: 'vite@5.4.21',
npm WARN EBADENGINE   required: { node: '^18.0.0 || >=20.0.0' },
npm WARN EBADENGINE   current: { node: 'v16.20.2', npm: '8.19.4' }
npm WARN EBADENGINE }
npm ERR! code ENOTFOUND
npm ERR! syscall getaddrinfo
npm ERR! errno ENOTFOUND
npm ERR! network request to http://repo.thfund.work/mirrors/npm/pkgproxy?proxy=2&pkgName=@vueuse/shared&version=10.11.1&remote=aHR0cHM6Ly9yZWdpc3RyeS5ucG1taXJyb3IuY29tL0B2dWV1c2Uvc2hhcmVkLy0vc2hhcmVkLTEwLjExLjEudGd6 failed, reason: getaddrinfo ENOTFOUND repo.thfund.work
npm ERR! network This is a problem related to network connectivity.
npm ERR! network In most cases you are behind a proxy or have bad network settings.
npm ERR! network 
npm ERR! network If you are behind a proxy, please make sure that the
npm ERR! network 'proxy' config is set properly.  See: 'npm help config'

npm ERR! A complete log of this run can be found in:
npm ERR!     C:\Users\chengJin-huawei\AppData\Local\npm-cache\_logs\2026-08-01T03_24_56_725Z-debug-0.log
